<!doctype html public "-//w3c//dtd html 4.0 transitional//en">
<html><head>
<title>Static Call Graph - [STM32G030\STM32G030.axf]</title></head>
<body><HR>
<H1>Static Call Graph for image STM32G030\STM32G030.axf</H1><HR>
<BR><P>#&#060CALLGRAPH&#062# ARM Linker, 5060061: Last Updated: Wed Jun 04 11:32:35 2025
<BR><P>
<H3>Maximum Stack Usage =         84 bytes + Unknown(Cycles, Untraceable Function Pointers)</H3><H3>
Call chain for Maximum Stack Depth:</H3>
USART2_IRQHandler &rArr; HAL_UART_Receive_DMA &rArr; HAL_DMA_Start_IT &rArr; DMA_SetConfig
<P>
<H3>
Mutually Recursive functions
</H3> <LI><a href="#[10]">ADC1_IRQHandler</a>&nbsp;&nbsp;&nbsp;&rArr;&nbsp;&nbsp;&nbsp;<a href="#[10]">ADC1_IRQHandler</a><BR>
</UL>
<P>
<H3>
Function Pointers
</H3><UL>
 <LI><a href="#[10]">ADC1_IRQHandler</a> from startup_stm32g030xx.o(.text) referenced from startup_stm32g030xx.o(RESET)
 <LI><a href="#[f]">DMA1_Ch4_5_DMAMUX1_OVR_IRQHandler</a> from startup_stm32g030xx.o(.text) referenced from startup_stm32g030xx.o(RESET)
 <LI><a href="#[d]">DMA1_Channel1_IRQHandler</a> from stm32g0xx_it.o(i.DMA1_Channel1_IRQHandler) referenced from startup_stm32g030xx.o(RESET)
 <LI><a href="#[e]">DMA1_Channel2_3_IRQHandler</a> from stm32g0xx_it.o(i.DMA1_Channel2_3_IRQHandler) referenced from startup_stm32g030xx.o(RESET)
 <LI><a href="#[a]">EXTI0_1_IRQHandler</a> from startup_stm32g030xx.o(.text) referenced from startup_stm32g030xx.o(RESET)
 <LI><a href="#[b]">EXTI2_3_IRQHandler</a> from startup_stm32g030xx.o(.text) referenced from startup_stm32g030xx.o(RESET)
 <LI><a href="#[c]">EXTI4_15_IRQHandler</a> from startup_stm32g030xx.o(.text) referenced from startup_stm32g030xx.o(RESET)
 <LI><a href="#[8]">FLASH_IRQHandler</a> from startup_stm32g030xx.o(.text) referenced from startup_stm32g030xx.o(RESET)
 <LI><a href="#[2]">HardFault_Handler</a> from stm32g0xx_it.o(i.HardFault_Handler) referenced from startup_stm32g030xx.o(RESET)
 <LI><a href="#[17]">I2C1_IRQHandler</a> from startup_stm32g030xx.o(.text) referenced from startup_stm32g030xx.o(RESET)
 <LI><a href="#[18]">I2C2_IRQHandler</a> from startup_stm32g030xx.o(.text) referenced from startup_stm32g030xx.o(RESET)
 <LI><a href="#[1]">NMI_Handler</a> from stm32g0xx_it.o(i.NMI_Handler) referenced from startup_stm32g030xx.o(RESET)
 <LI><a href="#[4]">PendSV_Handler</a> from stm32g0xx_it.o(i.PendSV_Handler) referenced from startup_stm32g030xx.o(RESET)
 <LI><a href="#[9]">RCC_IRQHandler</a> from startup_stm32g030xx.o(.text) referenced from startup_stm32g030xx.o(RESET)
 <LI><a href="#[7]">RTC_TAMP_IRQHandler</a> from startup_stm32g030xx.o(.text) referenced from startup_stm32g030xx.o(RESET)
 <LI><a href="#[0]">Reset_Handler</a> from startup_stm32g030xx.o(.text) referenced from startup_stm32g030xx.o(RESET)
 <LI><a href="#[19]">SPI1_IRQHandler</a> from startup_stm32g030xx.o(.text) referenced from startup_stm32g030xx.o(RESET)
 <LI><a href="#[1a]">SPI2_IRQHandler</a> from startup_stm32g030xx.o(.text) referenced from startup_stm32g030xx.o(RESET)
 <LI><a href="#[3]">SVC_Handler</a> from stm32g0xx_it.o(i.SVC_Handler) referenced from startup_stm32g030xx.o(RESET)
 <LI><a href="#[5]">SysTick_Handler</a> from stm32g0xx_it.o(i.SysTick_Handler) referenced from startup_stm32g030xx.o(RESET)
 <LI><a href="#[1e]">SystemInit</a> from system_stm32g0xx.o(i.SystemInit) referenced from startup_stm32g030xx.o(.text)
 <LI><a href="#[14]">TIM14_IRQHandler</a> from startup_stm32g030xx.o(.text) referenced from startup_stm32g030xx.o(RESET)
 <LI><a href="#[15]">TIM16_IRQHandler</a> from startup_stm32g030xx.o(.text) referenced from startup_stm32g030xx.o(RESET)
 <LI><a href="#[16]">TIM17_IRQHandler</a> from startup_stm32g030xx.o(.text) referenced from startup_stm32g030xx.o(RESET)
 <LI><a href="#[11]">TIM1_BRK_UP_TRG_COM_IRQHandler</a> from stm32g0xx_it.o(i.TIM1_BRK_UP_TRG_COM_IRQHandler) referenced from startup_stm32g030xx.o(RESET)
 <LI><a href="#[12]">TIM1_CC_IRQHandler</a> from startup_stm32g030xx.o(.text) referenced from startup_stm32g030xx.o(RESET)
 <LI><a href="#[13]">TIM3_IRQHandler</a> from startup_stm32g030xx.o(.text) referenced from startup_stm32g030xx.o(RESET)
 <LI><a href="#[20]">UART_DMAAbortOnError</a> from stm32g0xx_hal_uart.o(i.UART_DMAAbortOnError) referenced from stm32g0xx_hal_uart.o(i.HAL_UART_IRQHandler)
 <LI><a href="#[23]">UART_DMAError</a> from stm32g0xx_hal_uart.o(i.UART_DMAError) referenced from stm32g0xx_hal_uart.o(i.HAL_UART_Receive_DMA)
 <LI><a href="#[21]">UART_DMAReceiveCplt</a> from stm32g0xx_hal_uart.o(i.UART_DMAReceiveCplt) referenced from stm32g0xx_hal_uart.o(i.HAL_UART_Receive_DMA)
 <LI><a href="#[22]">UART_DMARxHalfCplt</a> from stm32g0xx_hal_uart.o(i.UART_DMARxHalfCplt) referenced from stm32g0xx_hal_uart.o(i.HAL_UART_Receive_DMA)
 <LI><a href="#[27]">UART_RxISR_16BIT</a> from stm32g0xx_hal_uart.o(i.UART_RxISR_16BIT) referenced from stm32g0xx_hal_uart.o(i.HAL_UART_Receive_IT)
 <LI><a href="#[27]">UART_RxISR_16BIT</a> from stm32g0xx_hal_uart.o(i.UART_RxISR_16BIT) referenced from stm32g0xx_hal_uart.o(i.UART_RxISR_16BIT_FIFOEN)
 <LI><a href="#[25]">UART_RxISR_16BIT_FIFOEN</a> from stm32g0xx_hal_uart.o(i.UART_RxISR_16BIT_FIFOEN) referenced from stm32g0xx_hal_uart.o(i.HAL_UART_Receive_IT)
 <LI><a href="#[26]">UART_RxISR_8BIT</a> from stm32g0xx_hal_uart.o(i.UART_RxISR_8BIT) referenced from stm32g0xx_hal_uart.o(i.HAL_UART_Receive_IT)
 <LI><a href="#[26]">UART_RxISR_8BIT</a> from stm32g0xx_hal_uart.o(i.UART_RxISR_8BIT) referenced from stm32g0xx_hal_uart.o(i.UART_RxISR_8BIT_FIFOEN)
 <LI><a href="#[24]">UART_RxISR_8BIT_FIFOEN</a> from stm32g0xx_hal_uart.o(i.UART_RxISR_8BIT_FIFOEN) referenced from stm32g0xx_hal_uart.o(i.HAL_UART_Receive_IT)
 <LI><a href="#[1b]">USART1_IRQHandler</a> from stm32g0xx_it.o(i.USART1_IRQHandler) referenced from startup_stm32g030xx.o(RESET)
 <LI><a href="#[1c]">USART2_IRQHandler</a> from stm32g0xx_it.o(i.USART2_IRQHandler) referenced from startup_stm32g030xx.o(RESET)
 <LI><a href="#[6]">WWDG_IRQHandler</a> from startup_stm32g030xx.o(.text) referenced from startup_stm32g030xx.o(RESET)
 <LI><a href="#[1f]">__main</a> from entry.o(.ARM.Collect$$$$00000000) referenced from startup_stm32g030xx.o(.text)
 <LI><a href="#[1d]">main</a> from main.o(i.main) referenced from entry9a.o(.ARM.Collect$$$$0000000B)
</UL>
<P>
<H3>
Global Symbols
</H3>
<P><STRONG><a name="[1f]"></a>__main</STRONG> (Thumb, 0 bytes, Stack size unknown bytes, entry.o(.ARM.Collect$$$$00000000))
<BR>[Address Reference Count : 1]<UL><LI> startup_stm32g030xx.o(.text)
</UL>
<P><STRONG><a name="[4d]"></a>_main_stk</STRONG> (Thumb, 0 bytes, Stack size unknown bytes, entry2.o(.ARM.Collect$$$$00000001))

<P><STRONG><a name="[28]"></a>_main_scatterload</STRONG> (Thumb, 0 bytes, Stack size unknown bytes, entry5.o(.ARM.Collect$$$$00000004))
<BR><BR>[Calls]<UL><LI><a href="#[29]">&gt;&gt;</a>&nbsp;&nbsp;&nbsp;__scatterload
</UL>

<P><STRONG><a name="[2d]"></a>__main_after_scatterload</STRONG> (Thumb, 0 bytes, Stack size unknown bytes, entry5.o(.ARM.Collect$$$$00000004))
<BR><BR>[Called By]<UL><LI><a href="#[29]">&gt;&gt;</a>&nbsp;&nbsp;&nbsp;__scatterload
</UL>

<P><STRONG><a name="[4e]"></a>_main_clock</STRONG> (Thumb, 0 bytes, Stack size unknown bytes, entry7b.o(.ARM.Collect$$$$00000008))

<P><STRONG><a name="[4f]"></a>_main_cpp_init</STRONG> (Thumb, 0 bytes, Stack size unknown bytes, entry8b.o(.ARM.Collect$$$$0000000A))

<P><STRONG><a name="[50]"></a>_main_init</STRONG> (Thumb, 0 bytes, Stack size unknown bytes, entry9a.o(.ARM.Collect$$$$0000000B))

<P><STRONG><a name="[51]"></a>__rt_final_cpp</STRONG> (Thumb, 0 bytes, Stack size unknown bytes, entry10a.o(.ARM.Collect$$$$0000000D))

<P><STRONG><a name="[52]"></a>__rt_final_exit</STRONG> (Thumb, 0 bytes, Stack size unknown bytes, entry11a.o(.ARM.Collect$$$$0000000F))

<P><STRONG><a name="[0]"></a>Reset_Handler</STRONG> (Thumb, 8 bytes, Stack size 0 bytes, startup_stm32g030xx.o(.text))
<BR>[Address Reference Count : 1]<UL><LI> startup_stm32g030xx.o(RESET)
</UL>
<P><STRONG><a name="[10]"></a>ADC1_IRQHandler</STRONG> (Thumb, 0 bytes, Stack size 0 bytes, startup_stm32g030xx.o(.text))
<BR><BR>[Calls]<UL><LI><a href="#[10]">&gt;&gt;</a>&nbsp;&nbsp;&nbsp;ADC1_IRQHandler
</UL>
<BR>[Called By]<UL><LI><a href="#[10]">&gt;&gt;</a>&nbsp;&nbsp;&nbsp;ADC1_IRQHandler
</UL>
<BR>[Address Reference Count : 1]<UL><LI> startup_stm32g030xx.o(RESET)
</UL>
<P><STRONG><a name="[f]"></a>DMA1_Ch4_5_DMAMUX1_OVR_IRQHandler</STRONG> (Thumb, 0 bytes, Stack size 0 bytes, startup_stm32g030xx.o(.text))
<BR>[Address Reference Count : 1]<UL><LI> startup_stm32g030xx.o(RESET)
</UL>
<P><STRONG><a name="[a]"></a>EXTI0_1_IRQHandler</STRONG> (Thumb, 0 bytes, Stack size 0 bytes, startup_stm32g030xx.o(.text))
<BR>[Address Reference Count : 1]<UL><LI> startup_stm32g030xx.o(RESET)
</UL>
<P><STRONG><a name="[b]"></a>EXTI2_3_IRQHandler</STRONG> (Thumb, 0 bytes, Stack size 0 bytes, startup_stm32g030xx.o(.text))
<BR>[Address Reference Count : 1]<UL><LI> startup_stm32g030xx.o(RESET)
</UL>
<P><STRONG><a name="[c]"></a>EXTI4_15_IRQHandler</STRONG> (Thumb, 0 bytes, Stack size 0 bytes, startup_stm32g030xx.o(.text))
<BR>[Address Reference Count : 1]<UL><LI> startup_stm32g030xx.o(RESET)
</UL>
<P><STRONG><a name="[8]"></a>FLASH_IRQHandler</STRONG> (Thumb, 0 bytes, Stack size 0 bytes, startup_stm32g030xx.o(.text))
<BR>[Address Reference Count : 1]<UL><LI> startup_stm32g030xx.o(RESET)
</UL>
<P><STRONG><a name="[17]"></a>I2C1_IRQHandler</STRONG> (Thumb, 0 bytes, Stack size 0 bytes, startup_stm32g030xx.o(.text))
<BR>[Address Reference Count : 1]<UL><LI> startup_stm32g030xx.o(RESET)
</UL>
<P><STRONG><a name="[18]"></a>I2C2_IRQHandler</STRONG> (Thumb, 0 bytes, Stack size 0 bytes, startup_stm32g030xx.o(.text))
<BR>[Address Reference Count : 1]<UL><LI> startup_stm32g030xx.o(RESET)
</UL>
<P><STRONG><a name="[9]"></a>RCC_IRQHandler</STRONG> (Thumb, 0 bytes, Stack size 0 bytes, startup_stm32g030xx.o(.text))
<BR>[Address Reference Count : 1]<UL><LI> startup_stm32g030xx.o(RESET)
</UL>
<P><STRONG><a name="[7]"></a>RTC_TAMP_IRQHandler</STRONG> (Thumb, 0 bytes, Stack size 0 bytes, startup_stm32g030xx.o(.text))
<BR>[Address Reference Count : 1]<UL><LI> startup_stm32g030xx.o(RESET)
</UL>
<P><STRONG><a name="[19]"></a>SPI1_IRQHandler</STRONG> (Thumb, 0 bytes, Stack size 0 bytes, startup_stm32g030xx.o(.text))
<BR>[Address Reference Count : 1]<UL><LI> startup_stm32g030xx.o(RESET)
</UL>
<P><STRONG><a name="[1a]"></a>SPI2_IRQHandler</STRONG> (Thumb, 0 bytes, Stack size 0 bytes, startup_stm32g030xx.o(.text))
<BR>[Address Reference Count : 1]<UL><LI> startup_stm32g030xx.o(RESET)
</UL>
<P><STRONG><a name="[14]"></a>TIM14_IRQHandler</STRONG> (Thumb, 0 bytes, Stack size 0 bytes, startup_stm32g030xx.o(.text))
<BR>[Address Reference Count : 1]<UL><LI> startup_stm32g030xx.o(RESET)
</UL>
<P><STRONG><a name="[15]"></a>TIM16_IRQHandler</STRONG> (Thumb, 0 bytes, Stack size 0 bytes, startup_stm32g030xx.o(.text))
<BR>[Address Reference Count : 1]<UL><LI> startup_stm32g030xx.o(RESET)
</UL>
<P><STRONG><a name="[16]"></a>TIM17_IRQHandler</STRONG> (Thumb, 0 bytes, Stack size 0 bytes, startup_stm32g030xx.o(.text))
<BR>[Address Reference Count : 1]<UL><LI> startup_stm32g030xx.o(RESET)
</UL>
<P><STRONG><a name="[12]"></a>TIM1_CC_IRQHandler</STRONG> (Thumb, 0 bytes, Stack size 0 bytes, startup_stm32g030xx.o(.text))
<BR>[Address Reference Count : 1]<UL><LI> startup_stm32g030xx.o(RESET)
</UL>
<P><STRONG><a name="[13]"></a>TIM3_IRQHandler</STRONG> (Thumb, 0 bytes, Stack size 0 bytes, startup_stm32g030xx.o(.text))
<BR>[Address Reference Count : 1]<UL><LI> startup_stm32g030xx.o(RESET)
</UL>
<P><STRONG><a name="[6]"></a>WWDG_IRQHandler</STRONG> (Thumb, 0 bytes, Stack size 0 bytes, startup_stm32g030xx.o(.text))
<BR>[Address Reference Count : 1]<UL><LI> startup_stm32g030xx.o(RESET)
</UL>
<P><STRONG><a name="[48]"></a>__aeabi_memcpy</STRONG> (Thumb, 36 bytes, Stack size 0 bytes, memcpya.o(.text))
<BR><BR>[Called By]<UL><LI><a href="#[47]">&gt;&gt;</a>&nbsp;&nbsp;&nbsp;HAL_UART_RxCpltCallback
</UL>

<P><STRONG><a name="[53]"></a>__aeabi_memcpy4</STRONG> (Thumb, 0 bytes, Stack size 0 bytes, memcpya.o(.text), UNUSED)

<P><STRONG><a name="[54]"></a>__aeabi_memcpy8</STRONG> (Thumb, 0 bytes, Stack size 0 bytes, memcpya.o(.text), UNUSED)

<P><STRONG><a name="[2b]"></a>__aeabi_memset</STRONG> (Thumb, 14 bytes, Stack size 0 bytes, memseta.o(.text))
<BR><BR>[Called By]<UL><LI><a href="#[2c]">&gt;&gt;</a>&nbsp;&nbsp;&nbsp;_memset$wrapper
<LI><a href="#[2a]">&gt;&gt;</a>&nbsp;&nbsp;&nbsp;__aeabi_memclr
</UL>

<P><STRONG><a name="[55]"></a>__aeabi_memset4</STRONG> (Thumb, 0 bytes, Stack size 0 bytes, memseta.o(.text), UNUSED)

<P><STRONG><a name="[56]"></a>__aeabi_memset8</STRONG> (Thumb, 0 bytes, Stack size 0 bytes, memseta.o(.text), UNUSED)

<P><STRONG><a name="[2a]"></a>__aeabi_memclr</STRONG> (Thumb, 4 bytes, Stack size 0 bytes, memseta.o(.text))
<BR><BR>[Calls]<UL><LI><a href="#[2b]">&gt;&gt;</a>&nbsp;&nbsp;&nbsp;__aeabi_memset
</UL>
<BR>[Called By]<UL><LI><a href="#[47]">&gt;&gt;</a>&nbsp;&nbsp;&nbsp;HAL_UART_RxCpltCallback
</UL>

<P><STRONG><a name="[57]"></a>__aeabi_memclr4</STRONG> (Thumb, 0 bytes, Stack size 0 bytes, memseta.o(.text), UNUSED)

<P><STRONG><a name="[58]"></a>__aeabi_memclr8</STRONG> (Thumb, 0 bytes, Stack size 0 bytes, memseta.o(.text), UNUSED)

<P><STRONG><a name="[2c]"></a>_memset$wrapper</STRONG> (Thumb, 18 bytes, Stack size 8 bytes, memseta.o(.text), UNUSED)
<BR><BR>[Calls]<UL><LI><a href="#[2b]">&gt;&gt;</a>&nbsp;&nbsp;&nbsp;__aeabi_memset
</UL>

<P><STRONG><a name="[29]"></a>__scatterload</STRONG> (Thumb, 28 bytes, Stack size 0 bytes, init.o(.text))
<BR><BR>[Calls]<UL><LI><a href="#[2d]">&gt;&gt;</a>&nbsp;&nbsp;&nbsp;__main_after_scatterload
</UL>
<BR>[Called By]<UL><LI><a href="#[28]">&gt;&gt;</a>&nbsp;&nbsp;&nbsp;_main_scatterload
</UL>

<P><STRONG><a name="[59]"></a>__scatterload_rt2</STRONG> (Thumb, 0 bytes, Stack size 0 bytes, init.o(.text), UNUSED)

<P><STRONG><a name="[d]"></a>DMA1_Channel1_IRQHandler</STRONG> (Thumb, 10 bytes, Stack size 8 bytes, stm32g0xx_it.o(i.DMA1_Channel1_IRQHandler))
<BR><BR>[Stack]<UL><LI>Max Depth = 24<LI>Call Chain = DMA1_Channel1_IRQHandler &rArr; HAL_DMA_IRQHandler
</UL>
<BR>[Calls]<UL><LI><a href="#[2e]">&gt;&gt;</a>&nbsp;&nbsp;&nbsp;HAL_DMA_IRQHandler
</UL>
<BR>[Address Reference Count : 1]<UL><LI> startup_stm32g030xx.o(RESET)
</UL>
<P><STRONG><a name="[e]"></a>DMA1_Channel2_3_IRQHandler</STRONG> (Thumb, 10 bytes, Stack size 8 bytes, stm32g0xx_it.o(i.DMA1_Channel2_3_IRQHandler))
<BR><BR>[Stack]<UL><LI>Max Depth = 24<LI>Call Chain = DMA1_Channel2_3_IRQHandler &rArr; HAL_DMA_IRQHandler
</UL>
<BR>[Calls]<UL><LI><a href="#[2e]">&gt;&gt;</a>&nbsp;&nbsp;&nbsp;HAL_DMA_IRQHandler
</UL>
<BR>[Address Reference Count : 1]<UL><LI> startup_stm32g030xx.o(RESET)
</UL>
<P><STRONG><a name="[3b]"></a>HAL_DMA_Abort</STRONG> (Thumb, 112 bytes, Stack size 20 bytes, stm32g0xx_hal_dma.o(i.HAL_DMA_Abort))
<BR><BR>[Stack]<UL><LI>Max Depth = 20<LI>Call Chain = HAL_DMA_Abort
</UL>
<BR>[Called By]<UL><LI><a href="#[3a]">&gt;&gt;</a>&nbsp;&nbsp;&nbsp;HAL_UART_DMAStop
</UL>

<P><STRONG><a name="[40]"></a>HAL_DMA_Abort_IT</STRONG> (Thumb, 122 bytes, Stack size 24 bytes, stm32g0xx_hal_dma.o(i.HAL_DMA_Abort_IT))
<BR><BR>[Stack]<UL><LI>Max Depth = 24<LI>Call Chain = HAL_DMA_Abort_IT
</UL>
<BR>[Called By]<UL><LI><a href="#[3f]">&gt;&gt;</a>&nbsp;&nbsp;&nbsp;HAL_UART_IRQHandler
</UL>

<P><STRONG><a name="[3c]"></a>HAL_DMA_GetError</STRONG> (Thumb, 4 bytes, Stack size 0 bytes, stm32g0xx_hal_dma.o(i.HAL_DMA_GetError))
<BR><BR>[Called By]<UL><LI><a href="#[3a]">&gt;&gt;</a>&nbsp;&nbsp;&nbsp;HAL_UART_DMAStop
</UL>

<P><STRONG><a name="[2e]"></a>HAL_DMA_IRQHandler</STRONG> (Thumb, 180 bytes, Stack size 16 bytes, stm32g0xx_hal_dma.o(i.HAL_DMA_IRQHandler))
<BR><BR>[Stack]<UL><LI>Max Depth = 16<LI>Call Chain = HAL_DMA_IRQHandler
</UL>
<BR>[Called By]<UL><LI><a href="#[e]">&gt;&gt;</a>&nbsp;&nbsp;&nbsp;DMA1_Channel2_3_IRQHandler
<LI><a href="#[d]">&gt;&gt;</a>&nbsp;&nbsp;&nbsp;DMA1_Channel1_IRQHandler
</UL>

<P><STRONG><a name="[2f]"></a>HAL_DMA_Start_IT</STRONG> (Thumb, 138 bytes, Stack size 24 bytes, stm32g0xx_hal_dma.o(i.HAL_DMA_Start_IT))
<BR><BR>[Stack]<UL><LI>Max Depth = 44<LI>Call Chain = HAL_DMA_Start_IT &rArr; DMA_SetConfig
</UL>
<BR>[Calls]<UL><LI><a href="#[30]">&gt;&gt;</a>&nbsp;&nbsp;&nbsp;DMA_SetConfig
</UL>
<BR>[Called By]<UL><LI><a href="#[46]">&gt;&gt;</a>&nbsp;&nbsp;&nbsp;HAL_UART_Receive_DMA
</UL>

<P><STRONG><a name="[4a]"></a>HAL_GPIO_WritePin</STRONG> (Thumb, 12 bytes, Stack size 0 bytes, stm32g0xx_hal_gpio.o(i.HAL_GPIO_WritePin))
<BR><BR>[Called By]<UL><LI><a href="#[2]">&gt;&gt;</a>&nbsp;&nbsp;&nbsp;HardFault_Handler
</UL>

<P><STRONG><a name="[4b]"></a>HAL_IncTick</STRONG> (Thumb, 12 bytes, Stack size 0 bytes, stm32g0xx_hal.o(i.HAL_IncTick))
<BR><BR>[Called By]<UL><LI><a href="#[5]">&gt;&gt;</a>&nbsp;&nbsp;&nbsp;SysTick_Handler
</UL>

<P><STRONG><a name="[37]"></a>HAL_TIMEx_Break2Callback</STRONG> (Thumb, 2 bytes, Stack size 0 bytes, stm32g0xx_hal_tim_ex.o(i.HAL_TIMEx_Break2Callback))
<BR><BR>[Called By]<UL><LI><a href="#[31]">&gt;&gt;</a>&nbsp;&nbsp;&nbsp;HAL_TIM_IRQHandler
</UL>

<P><STRONG><a name="[36]"></a>HAL_TIMEx_BreakCallback</STRONG> (Thumb, 2 bytes, Stack size 0 bytes, stm32g0xx_hal_tim_ex.o(i.HAL_TIMEx_BreakCallback))
<BR><BR>[Called By]<UL><LI><a href="#[31]">&gt;&gt;</a>&nbsp;&nbsp;&nbsp;HAL_TIM_IRQHandler
</UL>

<P><STRONG><a name="[39]"></a>HAL_TIMEx_CommutCallback</STRONG> (Thumb, 2 bytes, Stack size 0 bytes, stm32g0xx_hal_tim_ex.o(i.HAL_TIMEx_CommutCallback))
<BR><BR>[Called By]<UL><LI><a href="#[31]">&gt;&gt;</a>&nbsp;&nbsp;&nbsp;HAL_TIM_IRQHandler
</UL>

<P><STRONG><a name="[32]"></a>HAL_TIM_IC_CaptureCallback</STRONG> (Thumb, 2 bytes, Stack size 0 bytes, stm32g0xx_hal_tim.o(i.HAL_TIM_IC_CaptureCallback))
<BR><BR>[Called By]<UL><LI><a href="#[31]">&gt;&gt;</a>&nbsp;&nbsp;&nbsp;HAL_TIM_IRQHandler
</UL>

<P><STRONG><a name="[31]"></a>HAL_TIM_IRQHandler</STRONG> (Thumb, 382 bytes, Stack size 16 bytes, stm32g0xx_hal_tim.o(i.HAL_TIM_IRQHandler))
<BR><BR>[Stack]<UL><LI>Max Depth = 16<LI>Call Chain = HAL_TIM_IRQHandler
</UL>
<BR>[Calls]<UL><LI><a href="#[35]">&gt;&gt;</a>&nbsp;&nbsp;&nbsp;HAL_TIM_PeriodElapsedCallback
<LI><a href="#[38]">&gt;&gt;</a>&nbsp;&nbsp;&nbsp;HAL_TIM_TriggerCallback
<LI><a href="#[34]">&gt;&gt;</a>&nbsp;&nbsp;&nbsp;HAL_TIM_PWM_PulseFinishedCallback
<LI><a href="#[33]">&gt;&gt;</a>&nbsp;&nbsp;&nbsp;HAL_TIM_OC_DelayElapsedCallback
<LI><a href="#[32]">&gt;&gt;</a>&nbsp;&nbsp;&nbsp;HAL_TIM_IC_CaptureCallback
<LI><a href="#[39]">&gt;&gt;</a>&nbsp;&nbsp;&nbsp;HAL_TIMEx_CommutCallback
<LI><a href="#[36]">&gt;&gt;</a>&nbsp;&nbsp;&nbsp;HAL_TIMEx_BreakCallback
<LI><a href="#[37]">&gt;&gt;</a>&nbsp;&nbsp;&nbsp;HAL_TIMEx_Break2Callback
</UL>
<BR>[Called By]<UL><LI><a href="#[11]">&gt;&gt;</a>&nbsp;&nbsp;&nbsp;TIM1_BRK_UP_TRG_COM_IRQHandler
</UL>

<P><STRONG><a name="[33]"></a>HAL_TIM_OC_DelayElapsedCallback</STRONG> (Thumb, 2 bytes, Stack size 0 bytes, stm32g0xx_hal_tim.o(i.HAL_TIM_OC_DelayElapsedCallback))
<BR><BR>[Called By]<UL><LI><a href="#[31]">&gt;&gt;</a>&nbsp;&nbsp;&nbsp;HAL_TIM_IRQHandler
</UL>

<P><STRONG><a name="[34]"></a>HAL_TIM_PWM_PulseFinishedCallback</STRONG> (Thumb, 2 bytes, Stack size 0 bytes, stm32g0xx_hal_tim.o(i.HAL_TIM_PWM_PulseFinishedCallback))
<BR><BR>[Called By]<UL><LI><a href="#[31]">&gt;&gt;</a>&nbsp;&nbsp;&nbsp;HAL_TIM_IRQHandler
</UL>

<P><STRONG><a name="[35]"></a>HAL_TIM_PeriodElapsedCallback</STRONG> (Thumb, 16 bytes, Stack size 0 bytes, app_system.o(i.HAL_TIM_PeriodElapsedCallback))
<BR><BR>[Called By]<UL><LI><a href="#[31]">&gt;&gt;</a>&nbsp;&nbsp;&nbsp;HAL_TIM_IRQHandler
</UL>

<P><STRONG><a name="[38]"></a>HAL_TIM_TriggerCallback</STRONG> (Thumb, 2 bytes, Stack size 0 bytes, stm32g0xx_hal_tim.o(i.HAL_TIM_TriggerCallback))
<BR><BR>[Called By]<UL><LI><a href="#[31]">&gt;&gt;</a>&nbsp;&nbsp;&nbsp;HAL_TIM_IRQHandler
</UL>

<P><STRONG><a name="[45]"></a>HAL_UARTEx_RxFifoFullCallback</STRONG> (Thumb, 2 bytes, Stack size 0 bytes, stm32g0xx_hal_uart_ex.o(i.HAL_UARTEx_RxFifoFullCallback))
<BR><BR>[Called By]<UL><LI><a href="#[3f]">&gt;&gt;</a>&nbsp;&nbsp;&nbsp;HAL_UART_IRQHandler
</UL>

<P><STRONG><a name="[44]"></a>HAL_UARTEx_TxFifoEmptyCallback</STRONG> (Thumb, 2 bytes, Stack size 0 bytes, stm32g0xx_hal_uart_ex.o(i.HAL_UARTEx_TxFifoEmptyCallback))
<BR><BR>[Called By]<UL><LI><a href="#[3f]">&gt;&gt;</a>&nbsp;&nbsp;&nbsp;HAL_UART_IRQHandler
</UL>

<P><STRONG><a name="[42]"></a>HAL_UARTEx_WakeupCallback</STRONG> (Thumb, 2 bytes, Stack size 0 bytes, stm32g0xx_hal_uart_ex.o(i.HAL_UARTEx_WakeupCallback))
<BR><BR>[Called By]<UL><LI><a href="#[3f]">&gt;&gt;</a>&nbsp;&nbsp;&nbsp;HAL_UART_IRQHandler
</UL>

<P><STRONG><a name="[3a]"></a>HAL_UART_DMAStop</STRONG> (Thumb, 126 bytes, Stack size 24 bytes, stm32g0xx_hal_uart.o(i.HAL_UART_DMAStop))
<BR><BR>[Stack]<UL><LI>Max Depth = 44<LI>Call Chain = HAL_UART_DMAStop &rArr; HAL_DMA_Abort
</UL>
<BR>[Calls]<UL><LI><a href="#[3b]">&gt;&gt;</a>&nbsp;&nbsp;&nbsp;HAL_DMA_Abort
<LI><a href="#[3c]">&gt;&gt;</a>&nbsp;&nbsp;&nbsp;HAL_DMA_GetError
<LI><a href="#[3d]">&gt;&gt;</a>&nbsp;&nbsp;&nbsp;UART_EndTxTransfer
<LI><a href="#[3e]">&gt;&gt;</a>&nbsp;&nbsp;&nbsp;UART_EndRxTransfer
</UL>
<BR>[Called By]<UL><LI><a href="#[1c]">&gt;&gt;</a>&nbsp;&nbsp;&nbsp;USART2_IRQHandler
</UL>

<P><STRONG><a name="[41]"></a>HAL_UART_ErrorCallback</STRONG> (Thumb, 2 bytes, Stack size 0 bytes, stm32g0xx_hal_uart.o(i.HAL_UART_ErrorCallback))
<BR><BR>[Called By]<UL><LI><a href="#[3f]">&gt;&gt;</a>&nbsp;&nbsp;&nbsp;HAL_UART_IRQHandler
<LI><a href="#[23]">&gt;&gt;</a>&nbsp;&nbsp;&nbsp;UART_DMAError
<LI><a href="#[20]">&gt;&gt;</a>&nbsp;&nbsp;&nbsp;UART_DMAAbortOnError
</UL>

<P><STRONG><a name="[3f]"></a>HAL_UART_IRQHandler</STRONG> (Thumb, 380 bytes, Stack size 24 bytes, stm32g0xx_hal_uart.o(i.HAL_UART_IRQHandler))
<BR><BR>[Stack]<UL><LI>Max Depth = 48<LI>Call Chain = HAL_UART_IRQHandler &rArr; HAL_DMA_Abort_IT
</UL>
<BR>[Calls]<UL><LI><a href="#[40]">&gt;&gt;</a>&nbsp;&nbsp;&nbsp;HAL_DMA_Abort_IT
<LI><a href="#[43]">&gt;&gt;</a>&nbsp;&nbsp;&nbsp;HAL_UART_TxCpltCallback
<LI><a href="#[41]">&gt;&gt;</a>&nbsp;&nbsp;&nbsp;HAL_UART_ErrorCallback
<LI><a href="#[42]">&gt;&gt;</a>&nbsp;&nbsp;&nbsp;HAL_UARTEx_WakeupCallback
<LI><a href="#[44]">&gt;&gt;</a>&nbsp;&nbsp;&nbsp;HAL_UARTEx_TxFifoEmptyCallback
<LI><a href="#[45]">&gt;&gt;</a>&nbsp;&nbsp;&nbsp;HAL_UARTEx_RxFifoFullCallback
<LI><a href="#[3e]">&gt;&gt;</a>&nbsp;&nbsp;&nbsp;UART_EndRxTransfer
</UL>
<BR>[Called By]<UL><LI><a href="#[1c]">&gt;&gt;</a>&nbsp;&nbsp;&nbsp;USART2_IRQHandler
<LI><a href="#[1b]">&gt;&gt;</a>&nbsp;&nbsp;&nbsp;USART1_IRQHandler
</UL>

<P><STRONG><a name="[46]"></a>HAL_UART_Receive_DMA</STRONG> (Thumb, 176 bytes, Stack size 24 bytes, stm32g0xx_hal_uart.o(i.HAL_UART_Receive_DMA))
<BR><BR>[Stack]<UL><LI>Max Depth = 68<LI>Call Chain = HAL_UART_Receive_DMA &rArr; HAL_DMA_Start_IT &rArr; DMA_SetConfig
</UL>
<BR>[Calls]<UL><LI><a href="#[2f]">&gt;&gt;</a>&nbsp;&nbsp;&nbsp;HAL_DMA_Start_IT
</UL>
<BR>[Called By]<UL><LI><a href="#[1c]">&gt;&gt;</a>&nbsp;&nbsp;&nbsp;USART2_IRQHandler
</UL>

<P><STRONG><a name="[49]"></a>HAL_UART_Receive_IT</STRONG> (Thumb, 254 bytes, Stack size 20 bytes, stm32g0xx_hal_uart.o(i.HAL_UART_Receive_IT))
<BR><BR>[Stack]<UL><LI>Max Depth = 20<LI>Call Chain = HAL_UART_Receive_IT
</UL>
<BR>[Called By]<UL><LI><a href="#[47]">&gt;&gt;</a>&nbsp;&nbsp;&nbsp;HAL_UART_RxCpltCallback
</UL>

<P><STRONG><a name="[47]"></a>HAL_UART_RxCpltCallback</STRONG> (Thumb, 116 bytes, Stack size 16 bytes, stm32g0xx_it.o(i.HAL_UART_RxCpltCallback))
<BR><BR>[Stack]<UL><LI>Max Depth = 36<LI>Call Chain = HAL_UART_RxCpltCallback &rArr; HAL_UART_Receive_IT
</UL>
<BR>[Calls]<UL><LI><a href="#[49]">&gt;&gt;</a>&nbsp;&nbsp;&nbsp;HAL_UART_Receive_IT
<LI><a href="#[2a]">&gt;&gt;</a>&nbsp;&nbsp;&nbsp;__aeabi_memclr
<LI><a href="#[48]">&gt;&gt;</a>&nbsp;&nbsp;&nbsp;__aeabi_memcpy
</UL>
<BR>[Called By]<UL><LI><a href="#[1c]">&gt;&gt;</a>&nbsp;&nbsp;&nbsp;USART2_IRQHandler
<LI><a href="#[24]">&gt;&gt;</a>&nbsp;&nbsp;&nbsp;UART_RxISR_8BIT_FIFOEN
<LI><a href="#[26]">&gt;&gt;</a>&nbsp;&nbsp;&nbsp;UART_RxISR_8BIT
<LI><a href="#[25]">&gt;&gt;</a>&nbsp;&nbsp;&nbsp;UART_RxISR_16BIT_FIFOEN
<LI><a href="#[27]">&gt;&gt;</a>&nbsp;&nbsp;&nbsp;UART_RxISR_16BIT
<LI><a href="#[21]">&gt;&gt;</a>&nbsp;&nbsp;&nbsp;UART_DMAReceiveCplt
</UL>

<P><STRONG><a name="[4c]"></a>HAL_UART_RxHalfCpltCallback</STRONG> (Thumb, 2 bytes, Stack size 0 bytes, stm32g0xx_hal_uart.o(i.HAL_UART_RxHalfCpltCallback))
<BR><BR>[Called By]<UL><LI><a href="#[22]">&gt;&gt;</a>&nbsp;&nbsp;&nbsp;UART_DMARxHalfCplt
</UL>

<P><STRONG><a name="[43]"></a>HAL_UART_TxCpltCallback</STRONG> (Thumb, 2 bytes, Stack size 0 bytes, stm32g0xx_hal_uart.o(i.HAL_UART_TxCpltCallback))
<BR><BR>[Called By]<UL><LI><a href="#[3f]">&gt;&gt;</a>&nbsp;&nbsp;&nbsp;HAL_UART_IRQHandler
</UL>

<P><STRONG><a name="[2]"></a>HardFault_Handler</STRONG> (Thumb, 34 bytes, Stack size 0 bytes, stm32g0xx_it.o(i.HardFault_Handler))
<BR><BR>[Calls]<UL><LI><a href="#[4a]">&gt;&gt;</a>&nbsp;&nbsp;&nbsp;HAL_GPIO_WritePin
</UL>
<BR>[Address Reference Count : 1]<UL><LI> startup_stm32g030xx.o(RESET)
</UL>
<P><STRONG><a name="[1]"></a>NMI_Handler</STRONG> (Thumb, 2 bytes, Stack size 0 bytes, stm32g0xx_it.o(i.NMI_Handler))
<BR>[Address Reference Count : 1]<UL><LI> startup_stm32g030xx.o(RESET)
</UL>
<P><STRONG><a name="[4]"></a>PendSV_Handler</STRONG> (Thumb, 2 bytes, Stack size 0 bytes, stm32g0xx_it.o(i.PendSV_Handler))
<BR>[Address Reference Count : 1]<UL><LI> startup_stm32g030xx.o(RESET)
</UL>
<P><STRONG><a name="[3]"></a>SVC_Handler</STRONG> (Thumb, 2 bytes, Stack size 0 bytes, stm32g0xx_it.o(i.SVC_Handler))
<BR>[Address Reference Count : 1]<UL><LI> startup_stm32g030xx.o(RESET)
</UL>
<P><STRONG><a name="[5]"></a>SysTick_Handler</STRONG> (Thumb, 8 bytes, Stack size 8 bytes, stm32g0xx_it.o(i.SysTick_Handler))
<BR><BR>[Stack]<UL><LI>Max Depth = 8<LI>Call Chain = SysTick_Handler
</UL>
<BR>[Calls]<UL><LI><a href="#[4b]">&gt;&gt;</a>&nbsp;&nbsp;&nbsp;HAL_IncTick
</UL>
<BR>[Address Reference Count : 1]<UL><LI> startup_stm32g030xx.o(RESET)
</UL>
<P><STRONG><a name="[1e]"></a>SystemInit</STRONG> (Thumb, 10 bytes, Stack size 0 bytes, system_stm32g0xx.o(i.SystemInit))
<BR>[Address Reference Count : 1]<UL><LI> startup_stm32g030xx.o(.text)
</UL>
<P><STRONG><a name="[11]"></a>TIM1_BRK_UP_TRG_COM_IRQHandler</STRONG> (Thumb, 10 bytes, Stack size 8 bytes, stm32g0xx_it.o(i.TIM1_BRK_UP_TRG_COM_IRQHandler))
<BR><BR>[Stack]<UL><LI>Max Depth = 24<LI>Call Chain = TIM1_BRK_UP_TRG_COM_IRQHandler &rArr; HAL_TIM_IRQHandler
</UL>
<BR>[Calls]<UL><LI><a href="#[31]">&gt;&gt;</a>&nbsp;&nbsp;&nbsp;HAL_TIM_IRQHandler
</UL>
<BR>[Address Reference Count : 1]<UL><LI> startup_stm32g030xx.o(RESET)
</UL>
<P><STRONG><a name="[1b]"></a>USART1_IRQHandler</STRONG> (Thumb, 10 bytes, Stack size 8 bytes, stm32g0xx_it.o(i.USART1_IRQHandler))
<BR><BR>[Stack]<UL><LI>Max Depth = 56<LI>Call Chain = USART1_IRQHandler &rArr; HAL_UART_IRQHandler &rArr; HAL_DMA_Abort_IT
</UL>
<BR>[Calls]<UL><LI><a href="#[3f]">&gt;&gt;</a>&nbsp;&nbsp;&nbsp;HAL_UART_IRQHandler
</UL>
<BR>[Address Reference Count : 1]<UL><LI> startup_stm32g030xx.o(RESET)
</UL>
<P><STRONG><a name="[1c]"></a>USART2_IRQHandler</STRONG> (Thumb, 68 bytes, Stack size 16 bytes, stm32g0xx_it.o(i.USART2_IRQHandler))
<BR><BR>[Stack]<UL><LI>Max Depth = 84<LI>Call Chain = USART2_IRQHandler &rArr; HAL_UART_Receive_DMA &rArr; HAL_DMA_Start_IT &rArr; DMA_SetConfig
</UL>
<BR>[Calls]<UL><LI><a href="#[46]">&gt;&gt;</a>&nbsp;&nbsp;&nbsp;HAL_UART_Receive_DMA
<LI><a href="#[3f]">&gt;&gt;</a>&nbsp;&nbsp;&nbsp;HAL_UART_IRQHandler
<LI><a href="#[3a]">&gt;&gt;</a>&nbsp;&nbsp;&nbsp;HAL_UART_DMAStop
<LI><a href="#[47]">&gt;&gt;</a>&nbsp;&nbsp;&nbsp;HAL_UART_RxCpltCallback
</UL>
<BR>[Address Reference Count : 1]<UL><LI> startup_stm32g030xx.o(RESET)
</UL>
<P><STRONG><a name="[5a]"></a>__scatterload_copy</STRONG> (Thumb, 14 bytes, Stack size unknown bytes, handlers.o(i.__scatterload_copy), UNUSED)

<P><STRONG><a name="[5b]"></a>__scatterload_null</STRONG> (Thumb, 2 bytes, Stack size unknown bytes, handlers.o(i.__scatterload_null), UNUSED)

<P><STRONG><a name="[5c]"></a>__scatterload_zeroinit</STRONG> (Thumb, 14 bytes, Stack size unknown bytes, handlers.o(i.__scatterload_zeroinit), UNUSED)

<P><STRONG><a name="[1d]"></a>main</STRONG> (Thumb, 4 bytes, Stack size 0 bytes, main.o(i.main))
<BR>[Address Reference Count : 1]<UL><LI> entry9a.o(.ARM.Collect$$$$0000000B)
</UL><P>
<H3>
Local Symbols
</H3>
<P><STRONG><a name="[30]"></a>DMA_SetConfig</STRONG> (Thumb, 66 bytes, Stack size 20 bytes, stm32g0xx_hal_dma.o(i.DMA_SetConfig))
<BR><BR>[Stack]<UL><LI>Max Depth = 20<LI>Call Chain = DMA_SetConfig
</UL>
<BR>[Called By]<UL><LI><a href="#[2f]">&gt;&gt;</a>&nbsp;&nbsp;&nbsp;HAL_DMA_Start_IT
</UL>

<P><STRONG><a name="[20]"></a>UART_DMAAbortOnError</STRONG> (Thumb, 20 bytes, Stack size 8 bytes, stm32g0xx_hal_uart.o(i.UART_DMAAbortOnError))
<BR><BR>[Stack]<UL><LI>Max Depth = 8<LI>Call Chain = UART_DMAAbortOnError
</UL>
<BR>[Calls]<UL><LI><a href="#[41]">&gt;&gt;</a>&nbsp;&nbsp;&nbsp;HAL_UART_ErrorCallback
</UL>
<BR>[Address Reference Count : 1]<UL><LI> stm32g0xx_hal_uart.o(i.HAL_UART_IRQHandler)
</UL>
<P><STRONG><a name="[23]"></a>UART_DMAError</STRONG> (Thumb, 78 bytes, Stack size 24 bytes, stm32g0xx_hal_uart.o(i.UART_DMAError))
<BR><BR>[Stack]<UL><LI>Max Depth = 24<LI>Call Chain = UART_DMAError
</UL>
<BR>[Calls]<UL><LI><a href="#[41]">&gt;&gt;</a>&nbsp;&nbsp;&nbsp;HAL_UART_ErrorCallback
<LI><a href="#[3d]">&gt;&gt;</a>&nbsp;&nbsp;&nbsp;UART_EndTxTransfer
<LI><a href="#[3e]">&gt;&gt;</a>&nbsp;&nbsp;&nbsp;UART_EndRxTransfer
</UL>
<BR>[Address Reference Count : 1]<UL><LI> stm32g0xx_hal_uart.o(i.HAL_UART_Receive_DMA)
</UL>
<P><STRONG><a name="[21]"></a>UART_DMAReceiveCplt</STRONG> (Thumb, 64 bytes, Stack size 8 bytes, stm32g0xx_hal_uart.o(i.UART_DMAReceiveCplt))
<BR><BR>[Stack]<UL><LI>Max Depth = 44<LI>Call Chain = UART_DMAReceiveCplt &rArr; HAL_UART_RxCpltCallback &rArr; HAL_UART_Receive_IT
</UL>
<BR>[Calls]<UL><LI><a href="#[47]">&gt;&gt;</a>&nbsp;&nbsp;&nbsp;HAL_UART_RxCpltCallback
</UL>
<BR>[Address Reference Count : 1]<UL><LI> stm32g0xx_hal_uart.o(i.HAL_UART_Receive_DMA)
</UL>
<P><STRONG><a name="[22]"></a>UART_DMARxHalfCplt</STRONG> (Thumb, 10 bytes, Stack size 8 bytes, stm32g0xx_hal_uart.o(i.UART_DMARxHalfCplt))
<BR><BR>[Stack]<UL><LI>Max Depth = 8<LI>Call Chain = UART_DMARxHalfCplt
</UL>
<BR>[Calls]<UL><LI><a href="#[4c]">&gt;&gt;</a>&nbsp;&nbsp;&nbsp;HAL_UART_RxHalfCpltCallback
</UL>
<BR>[Address Reference Count : 1]<UL><LI> stm32g0xx_hal_uart.o(i.HAL_UART_Receive_DMA)
</UL>
<P><STRONG><a name="[3e]"></a>UART_EndRxTransfer</STRONG> (Thumb, 34 bytes, Stack size 0 bytes, stm32g0xx_hal_uart.o(i.UART_EndRxTransfer))
<BR><BR>[Called By]<UL><LI><a href="#[3f]">&gt;&gt;</a>&nbsp;&nbsp;&nbsp;HAL_UART_IRQHandler
<LI><a href="#[3a]">&gt;&gt;</a>&nbsp;&nbsp;&nbsp;HAL_UART_DMAStop
<LI><a href="#[23]">&gt;&gt;</a>&nbsp;&nbsp;&nbsp;UART_DMAError
</UL>

<P><STRONG><a name="[3d]"></a>UART_EndTxTransfer</STRONG> (Thumb, 30 bytes, Stack size 0 bytes, stm32g0xx_hal_uart.o(i.UART_EndTxTransfer))
<BR><BR>[Called By]<UL><LI><a href="#[3a]">&gt;&gt;</a>&nbsp;&nbsp;&nbsp;HAL_UART_DMAStop
<LI><a href="#[23]">&gt;&gt;</a>&nbsp;&nbsp;&nbsp;UART_DMAError
</UL>

<P><STRONG><a name="[27]"></a>UART_RxISR_16BIT</STRONG> (Thumb, 94 bytes, Stack size 16 bytes, stm32g0xx_hal_uart.o(i.UART_RxISR_16BIT))
<BR><BR>[Stack]<UL><LI>Max Depth = 52<LI>Call Chain = UART_RxISR_16BIT &rArr; HAL_UART_RxCpltCallback &rArr; HAL_UART_Receive_IT
</UL>
<BR>[Calls]<UL><LI><a href="#[47]">&gt;&gt;</a>&nbsp;&nbsp;&nbsp;HAL_UART_RxCpltCallback
</UL>
<BR>[Address Reference Count : 2]<UL><LI> stm32g0xx_hal_uart.o(i.HAL_UART_Receive_IT)
<LI> stm32g0xx_hal_uart.o(i.UART_RxISR_16BIT_FIFOEN)
</UL>
<P><STRONG><a name="[25]"></a>UART_RxISR_16BIT_FIFOEN</STRONG> (Thumb, 150 bytes, Stack size 24 bytes, stm32g0xx_hal_uart.o(i.UART_RxISR_16BIT_FIFOEN))
<BR><BR>[Stack]<UL><LI>Max Depth = 60<LI>Call Chain = UART_RxISR_16BIT_FIFOEN &rArr; HAL_UART_RxCpltCallback &rArr; HAL_UART_Receive_IT
</UL>
<BR>[Calls]<UL><LI><a href="#[47]">&gt;&gt;</a>&nbsp;&nbsp;&nbsp;HAL_UART_RxCpltCallback
</UL>
<BR>[Address Reference Count : 1]<UL><LI> stm32g0xx_hal_uart.o(i.HAL_UART_Receive_IT)
</UL>
<P><STRONG><a name="[26]"></a>UART_RxISR_8BIT</STRONG> (Thumb, 94 bytes, Stack size 16 bytes, stm32g0xx_hal_uart.o(i.UART_RxISR_8BIT))
<BR><BR>[Stack]<UL><LI>Max Depth = 52<LI>Call Chain = UART_RxISR_8BIT &rArr; HAL_UART_RxCpltCallback &rArr; HAL_UART_Receive_IT
</UL>
<BR>[Calls]<UL><LI><a href="#[47]">&gt;&gt;</a>&nbsp;&nbsp;&nbsp;HAL_UART_RxCpltCallback
</UL>
<BR>[Address Reference Count : 2]<UL><LI> stm32g0xx_hal_uart.o(i.HAL_UART_Receive_IT)
<LI> stm32g0xx_hal_uart.o(i.UART_RxISR_8BIT_FIFOEN)
</UL>
<P><STRONG><a name="[24]"></a>UART_RxISR_8BIT_FIFOEN</STRONG> (Thumb, 150 bytes, Stack size 24 bytes, stm32g0xx_hal_uart.o(i.UART_RxISR_8BIT_FIFOEN))
<BR><BR>[Stack]<UL><LI>Max Depth = 60<LI>Call Chain = UART_RxISR_8BIT_FIFOEN &rArr; HAL_UART_RxCpltCallback &rArr; HAL_UART_Receive_IT
</UL>
<BR>[Calls]<UL><LI><a href="#[47]">&gt;&gt;</a>&nbsp;&nbsp;&nbsp;HAL_UART_RxCpltCallback
</UL>
<BR>[Address Reference Count : 1]<UL><LI> stm32g0xx_hal_uart.o(i.HAL_UART_Receive_IT)
</UL><P>
<H3>
Undefined Global Symbols
</H3><HR></body></html>
