Component: ARM Compiler 5.06 update 1 (build 61) Tool: armlink [4d35a8]

==============================================================================

Section Cross References

    startup_stm32g030xx.o(RESET) refers to startup_stm32g030xx.o(STACK) for __initial_sp
    startup_stm32g030xx.o(RESET) refers to startup_stm32g030xx.o(.text) for Reset_Handler
    startup_stm32g030xx.o(RESET) refers to stm32g0xx_it.o(i.NMI_Handler) for NMI_Handler
    startup_stm32g030xx.o(RESET) refers to stm32g0xx_it.o(i.HardFault_Handler) for HardFault_Handler
    startup_stm32g030xx.o(RESET) refers to stm32g0xx_it.o(i.SVC_Handler) for SVC_Handler
    startup_stm32g030xx.o(RESET) refers to stm32g0xx_it.o(i.PendSV_Handler) for PendSV_Handler
    startup_stm32g030xx.o(RESET) refers to stm32g0xx_it.o(i.SysTick_Handler) for SysTick_Handler
    startup_stm32g030xx.o(RESET) refers to stm32g0xx_it.o(i.DMA1_Channel1_IRQHandler) for DMA1_Channel1_IRQHandler
    startup_stm32g030xx.o(RESET) refers to stm32g0xx_it.o(i.DMA1_Channel2_3_IRQHandler) for DMA1_Channel2_3_IRQHandler
    startup_stm32g030xx.o(RESET) refers to stm32g0xx_it.o(i.TIM1_BRK_UP_TRG_COM_IRQHandler) for TIM1_BRK_UP_TRG_COM_IRQHandler
    startup_stm32g030xx.o(RESET) refers to stm32g0xx_it.o(i.USART1_IRQHandler) for USART1_IRQHandler
    startup_stm32g030xx.o(RESET) refers to stm32g0xx_it.o(i.USART2_IRQHandler) for USART2_IRQHandler
    startup_stm32g030xx.o(.text) refers to system_stm32g0xx.o(i.SystemInit) for SystemInit
    startup_stm32g030xx.o(.text) refers to entry.o(.ARM.Collect$$$$00000000) for __main
    main.o(i.Blink_Leds) refers to stm32g0xx_hal_gpio.o(i.HAL_GPIO_WritePin) for HAL_GPIO_WritePin
    main.o(i.Blink_Leds) refers to stm32g0xx_hal.o(i.HAL_Delay) for HAL_Delay
    main.o(i.Error_Handler) refers to main.o(i.Blink_Leds) for Blink_Leds
    main.o(i.RunLedSequence) refers to stm32g0xx_hal_gpio.o(i.HAL_GPIO_WritePin) for HAL_GPIO_WritePin
    main.o(i.RunLedSequence) refers to stm32g0xx_hal.o(i.HAL_Delay) for HAL_Delay
    main.o(i.SystemClock_Config) refers to memseta.o(.text) for __aeabi_memclr4
    main.o(i.SystemClock_Config) refers to stm32g0xx_hal_pwr_ex.o(i.HAL_PWREx_ControlVoltageScaling) for HAL_PWREx_ControlVoltageScaling
    main.o(i.SystemClock_Config) refers to stm32g0xx_hal_rcc.o(i.HAL_RCC_OscConfig) for HAL_RCC_OscConfig
    main.o(i.SystemClock_Config) refers to stm32g0xx_hal_rcc.o(i.HAL_RCC_ClockConfig) for HAL_RCC_ClockConfig
    main.o(i.SystemClock_Config) refers to stm32g0xx_hal_rcc_ex.o(i.HAL_RCCEx_PeriphCLKConfig) for HAL_RCCEx_PeriphCLKConfig
    main.o(i.SystemClock_Config) refers to main.o(i.Error_Handler) for Error_Handler
    main.o(i.fputc) refers to stm32g0xx_hal_uart.o(i.HAL_UART_Transmit) for HAL_UART_Transmit
    main.o(i.fputc) refers to usart.o(.bss) for huart1
    main.o(i.main) refers to stm32g0xx_hal.o(i.HAL_Init) for HAL_Init
    main.o(i.main) refers to main.o(i.SystemClock_Config) for SystemClock_Config
    main.o(i.main) refers to gpio.o(i.MX_GPIO_Init) for MX_GPIO_Init
    main.o(i.main) refers to dma.o(i.MX_DMA_Init) for MX_DMA_Init
    main.o(i.main) refers to tim.o(i.MX_TIM1_Init) for MX_TIM1_Init
    main.o(i.main) refers to usart.o(i.MX_USART1_UART_Init) for MX_USART1_UART_Init
    main.o(i.main) refers to stm32g0xx_hal_gpio.o(i.HAL_GPIO_WritePin) for HAL_GPIO_WritePin
    main.o(i.main) refers to main.o(i.RunLedSequence) for RunLedSequence
    gpio.o(i.D1_IN_GPIO_Init) refers to stm32g0xx_hal_gpio.o(i.HAL_GPIO_Init) for HAL_GPIO_Init
    gpio.o(i.D1_OUT_GPIO_Init) refers to stm32g0xx_hal_gpio.o(i.HAL_GPIO_Init) for HAL_GPIO_Init
    gpio.o(i.D2_IN_GPIO_Init) refers to stm32g0xx_hal_gpio.o(i.HAL_GPIO_Init) for HAL_GPIO_Init
    gpio.o(i.D2_OUT_GPIO_Init) refers to stm32g0xx_hal_gpio.o(i.HAL_GPIO_Init) for HAL_GPIO_Init
    gpio.o(i.MX_GPIO_Init) refers to memseta.o(.text) for __aeabi_memclr4
    gpio.o(i.MX_GPIO_Init) refers to stm32g0xx_hal_gpio.o(i.HAL_GPIO_WritePin) for HAL_GPIO_WritePin
    gpio.o(i.MX_GPIO_Init) refers to stm32g0xx_hal_gpio.o(i.HAL_GPIO_Init) for HAL_GPIO_Init
    adc.o(i.AdSensor) refers to adc.o(.bss) for .bss
    adc.o(i.AdSensor) refers to adc.o(.data) for .data
    adc.o(i.AdSensor_ch1) refers to adc.o(.bss) for .bss
    adc.o(i.AdSensor_ch1) refers to adc.o(.data) for .data
    adc.o(i.HAL_ADC_MspDeInit) refers to stm32g0xx_hal_gpio.o(i.HAL_GPIO_DeInit) for HAL_GPIO_DeInit
    adc.o(i.HAL_ADC_MspDeInit) refers to stm32g0xx_hal_dma.o(i.HAL_DMA_DeInit) for HAL_DMA_DeInit
    adc.o(i.HAL_ADC_MspInit) refers to memseta.o(.text) for __aeabi_memclr4
    adc.o(i.HAL_ADC_MspInit) refers to stm32g0xx_hal_gpio.o(i.HAL_GPIO_Init) for HAL_GPIO_Init
    adc.o(i.HAL_ADC_MspInit) refers to stm32g0xx_hal_dma.o(i.HAL_DMA_Init) for HAL_DMA_Init
    adc.o(i.HAL_ADC_MspInit) refers to main.o(i.Error_Handler) for Error_Handler
    adc.o(i.HAL_ADC_MspInit) refers to adc.o(.bss) for .bss
    adc.o(i.MX_ADC1_Init) refers to memseta.o(.text) for __aeabi_memclr4
[...]
    stm32g0xx_hal_tim.o(i.HAL_TIM_OC_Start_DMA) refers to stm32g0xx_hal_tim.o(i.TIM_DMAError) for TIM_DMAError
    stm32g0xx_hal_tim.o(i.HAL_TIM_OC_Start_IT) refers to stm32g0xx_hal_tim.o(i.TIM_CCxChannelCmd) for TIM_CCxChannelCmd
    stm32g0xx_hal_tim.o(i.HAL_TIM_OC_Stop) refers to stm32g0xx_hal_tim.o(i.TIM_CCxChannelCmd) for TIM_CCxChannelCmd
    stm32g0xx_hal_tim.o(i.HAL_TIM_OC_Stop_DMA) refers to stm32g0xx_hal_dma.o(i.HAL_DMA_Abort_IT) for HAL_DMA_Abort_IT
    stm32g0xx_hal_tim.o(i.HAL_TIM_OC_Stop_DMA) refers to stm32g0xx_hal_tim.o(i.TIM_CCxChannelCmd) for TIM_CCxChannelCmd
    stm32g0xx_hal_tim.o(i.HAL_TIM_OC_Stop_IT) refers to stm32g0xx_hal_tim.o(i.TIM_CCxChannelCmd) for TIM_CCxChannelCmd
    stm32g0xx_hal_tim.o(i.HAL_TIM_OnePulse_ConfigChannel) refers to stm32g0xx_hal_tim.o(i.TIM_OC1_SetConfig) for TIM_OC1_SetConfig
    stm32g0xx_hal_tim.o(i.HAL_TIM_OnePulse_ConfigChannel) refers to stm32g0xx_hal_tim.o(i.TIM_OC2_SetConfig) for TIM_OC2_SetConfig
    stm32g0xx_hal_tim.o(i.HAL_TIM_OnePulse_ConfigChannel) refers to stm32g0xx_hal_tim.o(i.TIM_TI1_SetConfig) for TIM_TI1_SetConfig
    stm32g0xx_hal_tim.o(i.HAL_TIM_OnePulse_ConfigChannel) refers to stm32g0xx_hal_tim.o(i.TIM_TI2_SetConfig) for TIM_TI2_SetConfig
    stm32g0xx_hal_tim.o(i.HAL_TIM_OnePulse_DeInit) refers to stm32g0xx_hal_tim.o(i.HAL_TIM_OnePulse_MspDeInit) for HAL_TIM_OnePulse_MspDeInit
    stm32g0xx_hal_tim.o(i.HAL_TIM_OnePulse_Init) refers to stm32g0xx_hal_tim.o(i.HAL_TIM_OnePulse_MspInit) for HAL_TIM_OnePulse_MspInit
    stm32g0xx_hal_tim.o(i.HAL_TIM_OnePulse_Init) refers to stm32g0xx_hal_tim.o(i.TIM_Base_SetConfig) for TIM_Base_SetConfig
    stm32g0xx_hal_tim.o(i.HAL_TIM_OnePulse_Start) refers to stm32g0xx_hal_tim.o(i.TIM_CCxChannelCmd) for TIM_CCxChannelCmd
    stm32g0xx_hal_tim.o(i.HAL_TIM_OnePulse_Start_IT) refers to stm32g0xx_hal_tim.o(i.TIM_CCxChannelCmd) for TIM_CCxChannelCmd
    stm32g0xx_hal_tim.o(i.HAL_TIM_OnePulse_Stop) refers to stm32g0xx_hal_tim.o(i.TIM_CCxChannelCmd) for TIM_CCxChannelCmd
    stm32g0xx_hal_tim.o(i.HAL_TIM_OnePulse_Stop_IT) refers to stm32g0xx_hal_tim.o(i.TIM_CCxChannelCmd) for TIM_CCxChannelCmd
    stm32g0xx_hal_tim.o(i.HAL_TIM_PWM_ConfigChannel) refers to stm32g0xx_hal_tim.o(i.TIM_OC1_SetConfig) for TIM_OC1_SetConfig
    stm32g0xx_hal_tim.o(i.HAL_TIM_PWM_ConfigChannel) refers to stm32g0xx_hal_tim.o(i.TIM_OC2_SetConfig) for TIM_OC2_SetConfig
    stm32g0xx_hal_tim.o(i.HAL_TIM_PWM_ConfigChannel) refers to stm32g0xx_hal_tim.o(i.TIM_OC3_SetConfig) for TIM_OC3_SetConfig
    stm32g0xx_hal_tim.o(i.HAL_TIM_PWM_ConfigChannel) refers to stm32g0xx_hal_tim.o(i.TIM_OC4_SetConfig) for TIM_OC4_SetConfig
    stm32g0xx_hal_tim.o(i.HAL_TIM_PWM_ConfigChannel) refers to stm32g0xx_hal_tim.o(i.TIM_OC5_SetConfig) for TIM_OC5_SetConfig
    stm32g0xx_hal_tim.o(i.HAL_TIM_PWM_ConfigChannel) refers to stm32g0xx_hal_tim.o(i.TIM_OC6_SetConfig) for TIM_OC6_SetConfig
    stm32g0xx_hal_tim.o(i.HAL_TIM_PWM_DeInit) refers to stm32g0xx_hal_tim.o(i.HAL_TIM_PWM_MspDeInit) for HAL_TIM_PWM_MspDeInit
    stm32g0xx_hal_tim.o(i.HAL_TIM_PWM_Init) refers to stm32g0xx_hal_tim.o(i.HAL_TIM_PWM_MspInit) for HAL_TIM_PWM_MspInit
    stm32g0xx_hal_tim.o(i.HAL_TIM_PWM_Init) refers to stm32g0xx_hal_tim.o(i.TIM_Base_SetConfig) for TIM_Base_SetConfig
    stm32g0xx_hal_tim.o(i.HAL_TIM_PWM_Start) refers to stm32g0xx_hal_tim.o(i.TIM_CCxChannelCmd) for TIM_CCxChannelCmd
    stm32g0xx_hal_tim.o(i.HAL_TIM_PWM_Start_DMA) refers to stm32g0xx_hal_dma.o(i.HAL_DMA_Start_IT) for HAL_DMA_Start_IT
    stm32g0xx_hal_tim.o(i.HAL_TIM_PWM_Start_DMA) refers to stm32g0xx_hal_tim.o(i.TIM_CCxChannelCmd) for TIM_CCxChannelCmd
    stm32g0xx_hal_tim.o(i.HAL_TIM_PWM_Start_DMA) refers to stm32g0xx_hal_tim.o(i.TIM_DMADelayPulseCplt) for TIM_DMADelayPulseCplt
    stm32g0xx_hal_tim.o(i.HAL_TIM_PWM_Start_DMA) refers to stm32g0xx_hal_tim.o(i.TIM_DMADelayPulseHalfCplt) for TIM_DMADelayPulseHalfCplt
    stm32g0xx_hal_tim.o(i.HAL_TIM_PWM_Start_DMA) refers to stm32g0xx_hal_tim.o(i.TIM_DMAError) for TIM_DMAError
    stm32g0xx_hal_tim.o(i.HAL_TIM_PWM_Start_IT) refers to stm32g0xx_hal_tim.o(i.TIM_CCxChannelCmd) for TIM_CCxChannelCmd
    stm32g0xx_hal_tim.o(i.HAL_TIM_PWM_Stop) refers to stm32g0xx_hal_tim.o(i.TIM_CCxChannelCmd) for TIM_CCxChannelCmd
    stm32g0xx_hal_tim.o(i.HAL_TIM_PWM_Stop_DMA) refers to stm32g0xx_hal_dma.o(i.HAL_DMA_Abort_IT) for HAL_DMA_Abort_IT
    stm32g0xx_hal_tim.o(i.HAL_TIM_PWM_Stop_DMA) refers to stm32g0xx_hal_tim.o(i.TIM_CCxChannelCmd) for TIM_CCxChannelCmd
    stm32g0xx_hal_tim.o(i.HAL_TIM_PWM_Stop_IT) refers to stm32g0xx_hal_tim.o(i.TIM_CCxChannelCmd) for TIM_CCxChannelCmd
    stm32g0xx_hal_tim.o(i.HAL_TIM_SlaveConfigSynchro) refers to stm32g0xx_hal_tim.o(i.TIM_SlaveTimer_SetConfig) for TIM_SlaveTimer_SetConfig
    stm32g0xx_hal_tim.o(i.HAL_TIM_SlaveConfigSynchro_IT) refers to stm32g0xx_hal_tim.o(i.TIM_SlaveTimer_SetConfig) for TIM_SlaveTimer_SetConfig
    stm32g0xx_hal_tim.o(i.TIM_DMACaptureCplt) refers to stm32g0xx_hal_tim.o(i.HAL_TIM_IC_CaptureCallback) for HAL_TIM_IC_CaptureCallback
    stm32g0xx_hal_tim.o(i.TIM_DMACaptureHalfCplt) refers to stm32g0xx_hal_tim.o(i.HAL_TIM_IC_CaptureHalfCpltCallback) for HAL_TIM_IC_CaptureHalfCpltCallback
    stm32g0xx_hal_tim.o(i.TIM_DMADelayPulseCplt) refers to stm32g0xx_hal_tim.o(i.HAL_TIM_PWM_PulseFinishedCallback) for HAL_TIM_PWM_PulseFinishedCallback
    stm32g0xx_hal_tim.o(i.TIM_DMADelayPulseHalfCplt) refers to stm32g0xx_hal_tim.o(i.HAL_TIM_PWM_PulseFinishedHalfCpltCallback) for HAL_TIM_PWM_PulseFinishedHalfCpltCallback
    stm32g0xx_hal_tim.o(i.TIM_DMAError) refers to stm32g0xx_hal_tim.o(i.HAL_TIM_ErrorCallback) for HAL_TIM_ErrorCallback
    stm32g0xx_hal_tim.o(i.TIM_DMAPeriodElapsedCplt) refers to app_system.o(i.HAL_TIM_PeriodElapsedCallback) for HAL_TIM_PeriodElapsedCallback
    stm32g0xx_hal_tim.o(i.TIM_DMAPeriodElapsedHalfCplt) refers to stm32g0xx_hal_tim.o(i.HAL_TIM_PeriodElapsedHalfCpltCallback) for HAL_TIM_PeriodElapsedHalfCpltCallback
    stm32g0xx_hal_tim.o(i.TIM_DMATriggerCplt) refers to stm32g0xx_hal_tim.o(i.HAL_TIM_TriggerCallback) for HAL_TIM_TriggerCallback
    stm32g0xx_hal_tim.o(i.TIM_DMATriggerHalfCplt) refers to stm32g0xx_hal_tim.o(i.HAL_TIM_TriggerHalfCpltCallback) for HAL_TIM_TriggerHalfCpltCallback
    stm32g0xx_hal_tim.o(i.TIM_SlaveTimer_SetConfig) refers to stm32g0xx_hal_dma.o(i.__ARM_common_switch8) for __ARM_common_switch8
    stm32g0xx_hal_tim.o(i.TIM_SlaveTimer_SetConfig) refers to stm32g0xx_hal_tim.o(i.TIM_ETR_SetConfig) for TIM_ETR_SetConfig
    stm32g0xx_hal_tim.o(i.TIM_SlaveTimer_SetConfig) refers to stm32g0xx_hal_tim.o(i.TIM_TI1_ConfigInputStage) for TIM_TI1_ConfigInputStage
    stm32g0xx_hal_tim.o(i.TIM_SlaveTimer_SetConfig) refers to stm32g0xx_hal_tim.o(i.TIM_TI2_ConfigInputStage) for TIM_TI2_ConfigInputStage
    stm32g0xx_hal_tim_ex.o(i.HAL_TIMEx_ConfigCommutEvent_DMA) refers to stm32g0xx_hal_tim_ex.o(i.TIMEx_DMACommutationCplt) for TIMEx_DMACommutationCplt
    stm32g0xx_hal_tim_ex.o(i.HAL_TIMEx_ConfigCommutEvent_DMA) refers to stm32g0xx_hal_tim_ex.o(i.TIMEx_DMACommutationHalfCplt) for TIMEx_DMACommutationHalfCplt
    stm32g0xx_hal_tim_ex.o(i.HAL_TIMEx_ConfigCommutEvent_DMA) refers to stm32g0xx_hal_tim.o(i.TIM_DMAError) for TIM_DMAError
    stm32g0xx_hal_tim_ex.o(i.HAL_TIMEx_HallSensor_DeInit) refers to stm32g0xx_hal_tim_ex.o(i.HAL_TIMEx_HallSensor_MspDeInit) for HAL_TIMEx_HallSensor_MspDeInit
    stm32g0xx_hal_tim_ex.o(i.HAL_TIMEx_HallSensor_Init) refers to stm32g0xx_hal_tim_ex.o(i.HAL_TIMEx_HallSensor_MspInit) for HAL_TIMEx_HallSensor_MspInit
    stm32g0xx_hal_tim_ex.o(i.HAL_TIMEx_HallSensor_Init) refers to stm32g0xx_hal_tim.o(i.TIM_Base_SetConfig) for TIM_Base_SetConfig
    stm32g0xx_hal_tim_ex.o(i.HAL_TIMEx_HallSensor_Init) refers to stm32g0xx_hal_tim.o(i.TIM_TI1_SetConfig) for TIM_TI1_SetConfig
    stm32g0xx_hal_tim_ex.o(i.HAL_TIMEx_HallSensor_Init) refers to stm32g0xx_hal_tim.o(i.TIM_OC2_SetConfig) for TIM_OC2_SetConfig
    stm32g0xx_hal_tim_ex.o(i.HAL_TIMEx_HallSensor_Start) refers to stm32g0xx_hal_tim.o(i.TIM_CCxChannelCmd) for TIM_CCxChannelCmd
    stm32g0xx_hal_tim_ex.o(i.HAL_TIMEx_HallSensor_Start_DMA) refers to stm32g0xx_hal_tim.o(i.TIM_CCxChannelCmd) for TIM_CCxChannelCmd
    stm32g0xx_hal_tim_ex.o(i.HAL_TIMEx_HallSensor_Start_DMA) refers to stm32g0xx_hal_dma.o(i.HAL_DMA_Start_IT) for HAL_DMA_Start_IT
    stm32g0xx_hal_tim_ex.o(i.HAL_TIMEx_HallSensor_Start_DMA) refers to stm32g0xx_hal_tim.o(i.TIM_DMACaptureCplt) for TIM_DMACaptureCplt
    stm32g0xx_hal_tim_ex.o(i.HAL_TIMEx_HallSensor_Start_DMA) refers to stm32g0xx_hal_tim.o(i.TIM_DMACaptureHalfCplt) for TIM_DMACaptureHalfCplt
    stm32g0xx_hal_tim_ex.o(i.HAL_TIMEx_HallSensor_Start_DMA) refers to stm32g0xx_hal_tim.o(i.TIM_DMAError) for TIM_DMAError
    stm32g0xx_hal_tim_ex.o(i.HAL_TIMEx_HallSensor_Start_IT) refers to stm32g0xx_hal_tim.o(i.TIM_CCxChannelCmd) for TIM_CCxChannelCmd
    stm32g0xx_hal_tim_ex.o(i.HAL_TIMEx_HallSensor_Stop) refers to stm32g0xx_hal_tim.o(i.TIM_CCxChannelCmd) for TIM_CCxChannelCmd
    stm32g0xx_hal_tim_ex.o(i.HAL_TIMEx_HallSensor_Stop_DMA) refers to stm32g0xx_hal_tim.o(i.TIM_CCxChannelCmd) for TIM_CCxChannelCmd
    stm32g0xx_hal_tim_ex.o(i.HAL_TIMEx_HallSensor_Stop_DMA) refers to stm32g0xx_hal_dma.o(i.HAL_DMA_Abort_IT) for HAL_DMA_Abort_IT
    stm32g0xx_hal_tim_ex.o(i.HAL_TIMEx_HallSensor_Stop_IT) refers to stm32g0xx_hal_tim.o(i.TIM_CCxChannelCmd) for TIM_CCxChannelCmd
    stm32g0xx_hal_tim_ex.o(i.HAL_TIMEx_OCN_Start) refers to stm32g0xx_hal_tim_ex.o(i.TIM_CCxNChannelCmd) for TIM_CCxNChannelCmd
    stm32g0xx_hal_tim_ex.o(i.HAL_TIMEx_OCN_Start_DMA) refers to stm32g0xx_hal_dma.o(i.HAL_DMA_Start_IT) for HAL_DMA_Start_IT
    stm32g0xx_hal_tim_ex.o(i.HAL_TIMEx_OCN_Start_DMA) refers to stm32g0xx_hal_tim_ex.o(i.TIM_CCxNChannelCmd) for TIM_CCxNChannelCmd
    stm32g0xx_hal_tim_ex.o(i.HAL_TIMEx_OCN_Start_DMA) refers to stm32g0xx_hal_tim.o(i.TIM_DMADelayPulseCplt) for TIM_DMADelayPulseCplt
    stm32g0xx_hal_tim_ex.o(i.HAL_TIMEx_OCN_Start_DMA) refers to stm32g0xx_hal_tim.o(i.TIM_DMADelayPulseHalfCplt) for TIM_DMADelayPulseHalfCplt
    stm32g0xx_hal_tim_ex.o(i.HAL_TIMEx_OCN_Start_DMA) refers to stm32g0xx_hal_tim.o(i.TIM_DMAError) for TIM_DMAError
    stm32g0xx_hal_tim_ex.o(i.HAL_TIMEx_OCN_Start_IT) refers to stm32g0xx_hal_tim_ex.o(i.TIM_CCxNChannelCmd) for TIM_CCxNChannelCmd
    stm32g0xx_hal_tim_ex.o(i.HAL_TIMEx_OCN_Stop) refers to stm32g0xx_hal_tim_ex.o(i.TIM_CCxNChannelCmd) for TIM_CCxNChannelCmd
    stm32g0xx_hal_tim_ex.o(i.HAL_TIMEx_OCN_Stop_DMA) refers to stm32g0xx_hal_dma.o(i.HAL_DMA_Abort_IT) for HAL_DMA_Abort_IT
    stm32g0xx_hal_tim_ex.o(i.HAL_TIMEx_OCN_Stop_DMA) refers to stm32g0xx_hal_tim_ex.o(i.TIM_CCxNChannelCmd) for TIM_CCxNChannelCmd
    stm32g0xx_hal_tim_ex.o(i.HAL_TIMEx_OCN_Stop_IT) refers to stm32g0xx_hal_tim_ex.o(i.TIM_CCxNChannelCmd) for TIM_CCxNChannelCmd
    stm32g0xx_hal_tim_ex.o(i.HAL_TIMEx_OnePulseN_Start) refers to stm32g0xx_hal_tim_ex.o(i.TIM_CCxNChannelCmd) for TIM_CCxNChannelCmd
    stm32g0xx_hal_tim_ex.o(i.HAL_TIMEx_OnePulseN_Start_IT) refers to stm32g0xx_hal_tim_ex.o(i.TIM_CCxNChannelCmd) for TIM_CCxNChannelCmd
    stm32g0xx_hal_tim_ex.o(i.HAL_TIMEx_OnePulseN_Stop) refers to stm32g0xx_hal_tim_ex.o(i.TIM_CCxNChannelCmd) for TIM_CCxNChannelCmd
    stm32g0xx_hal_tim_ex.o(i.HAL_TIMEx_OnePulseN_Stop_IT) refers to stm32g0xx_hal_tim_ex.o(i.TIM_CCxNChannelCmd) for TIM_CCxNChannelCmd
    stm32g0xx_hal_tim_ex.o(i.HAL_TIMEx_PWMN_Start) refers to stm32g0xx_hal_tim_ex.o(i.TIM_CCxNChannelCmd) for TIM_CCxNChannelCmd
    stm32g0xx_hal_tim_ex.o(i.HAL_TIMEx_PWMN_Start_DMA) refers to stm32g0xx_hal_dma.o(i.HAL_DMA_Start_IT) for HAL_DMA_Start_IT
    stm32g0xx_hal_tim_ex.o(i.HAL_TIMEx_PWMN_Start_DMA) refers to stm32g0xx_hal_tim_ex.o(i.TIM_CCxNChannelCmd) for TIM_CCxNChannelCmd
    stm32g0xx_hal_tim_ex.o(i.HAL_TIMEx_PWMN_Start_DMA) refers to stm32g0xx_hal_tim.o(i.TIM_DMADelayPulseCplt) for TIM_DMADelayPulseCplt
    stm32g0xx_hal_tim_ex.o(i.HAL_TIMEx_PWMN_Start_DMA) refers to stm32g0xx_hal_tim.o(i.TIM_DMADelayPulseHalfCplt) for TIM_DMADelayPulseHalfCplt
    stm32g0xx_hal_tim_ex.o(i.HAL_TIMEx_PWMN_Start_DMA) refers to stm32g0xx_hal_tim.o(i.TIM_DMAError) for TIM_DMAError
    stm32g0xx_hal_tim_ex.o(i.HAL_TIMEx_PWMN_Start_IT) refers to stm32g0xx_hal_tim_ex.o(i.TIM_CCxNChannelCmd) for TIM_CCxNChannelCmd
    stm32g0xx_hal_tim_ex.o(i.HAL_TIMEx_PWMN_Stop) refers to stm32g0xx_hal_tim_ex.o(i.TIM_CCxNChannelCmd) for TIM_CCxNChannelCmd
    stm32g0xx_hal_tim_ex.o(i.HAL_TIMEx_PWMN_Stop_DMA) refers to stm32g0xx_hal_dma.o(i.HAL_DMA_Abort_IT) for HAL_DMA_Abort_IT
    stm32g0xx_hal_tim_ex.o(i.HAL_TIMEx_PWMN_Stop_DMA) refers to stm32g0xx_hal_tim_ex.o(i.TIM_CCxNChannelCmd) for TIM_CCxNChannelCmd
    stm32g0xx_hal_tim_ex.o(i.HAL_TIMEx_PWMN_Stop_IT) refers to stm32g0xx_hal_tim_ex.o(i.TIM_CCxNChannelCmd) for TIM_CCxNChannelCmd
    stm32g0xx_hal_tim_ex.o(i.HAL_TIMEx_ReArmBreakInput) refers to stm32g0xx_hal.o(i.HAL_GetTick) for HAL_GetTick
    stm32g0xx_hal_tim_ex.o(i.TIMEx_DMACommutationCplt) refers to stm32g0xx_hal_tim_ex.o(i.HAL_TIMEx_CommutCallback) for HAL_TIMEx_CommutCallback
    stm32g0xx_hal_tim_ex.o(i.TIMEx_DMACommutationHalfCplt) refers to stm32g0xx_hal_tim_ex.o(i.HAL_TIMEx_CommutHalfCpltCallback) for HAL_TIMEx_CommutHalfCpltCallback
    stm32g0xx_hal_uart.o(i.HAL_HalfDuplex_Init) refers to usart.o(i.HAL_UART_MspInit) for HAL_UART_MspInit
    stm32g0xx_hal_uart.o(i.HAL_HalfDuplex_Init) refers to stm32g0xx_hal_uart.o(i.UART_SetConfig) for UART_SetConfig
    stm32g0xx_hal_uart.o(i.HAL_HalfDuplex_Init) refers to stm32g0xx_hal_uart.o(i.UART_AdvFeatureConfig) for UART_AdvFeatureConfig
    stm32g0xx_hal_uart.o(i.HAL_HalfDuplex_Init) refers to stm32g0xx_hal_uart.o(i.UART_CheckIdleState) for UART_CheckIdleState
    stm32g0xx_hal_uart.o(i.HAL_LIN_Init) refers to usart.o(i.HAL_UART_MspInit) for HAL_UART_MspInit
    stm32g0xx_hal_uart.o(i.HAL_LIN_Init) refers to stm32g0xx_hal_uart.o(i.UART_SetConfig) for UART_SetConfig
    stm32g0xx_hal_uart.o(i.HAL_LIN_Init) refers to stm32g0xx_hal_uart.o(i.UART_AdvFeatureConfig) for UART_AdvFeatureConfig
    stm32g0xx_hal_uart.o(i.HAL_LIN_Init) refers to stm32g0xx_hal_uart.o(i.UART_CheckIdleState) for UART_CheckIdleState
    stm32g0xx_hal_uart.o(i.HAL_MultiProcessor_DisableMuteMode) refers to stm32g0xx_hal_uart.o(i.UART_CheckIdleState) for UART_CheckIdleState
    stm32g0xx_hal_uart.o(i.HAL_MultiProcessor_EnableMuteMode) refers to stm32g0xx_hal_uart.o(i.UART_CheckIdleState) for UART_CheckIdleState
    stm32g0xx_hal_uart.o(i.HAL_MultiProcessor_Init) refers to usart.o(i.HAL_UART_MspInit) for HAL_UART_MspInit
    stm32g0xx_hal_uart.o(i.HAL_MultiProcessor_Init) refers to stm32g0xx_hal_uart.o(i.UART_SetConfig) for UART_SetConfig
    stm32g0xx_hal_uart.o(i.HAL_MultiProcessor_Init) refers to stm32g0xx_hal_uart.o(i.UART_AdvFeatureConfig) for UART_AdvFeatureConfig
    stm32g0xx_hal_uart.o(i.HAL_MultiProcessor_Init) refers to stm32g0xx_hal_uart.o(i.UART_CheckIdleState) for UART_CheckIdleState
    stm32g0xx_hal_uart.o(i.HAL_UART_Abort) refers to stm32g0xx_hal_dma.o(i.HAL_DMA_Abort) for HAL_DMA_Abort
    stm32g0xx_hal_uart.o(i.HAL_UART_Abort) refers to stm32g0xx_hal_dma.o(i.HAL_DMA_GetError) for HAL_DMA_GetError
    stm32g0xx_hal_uart.o(i.HAL_UART_AbortReceive) refers to stm32g0xx_hal_dma.o(i.HAL_DMA_Abort) for HAL_DMA_Abort
    stm32g0xx_hal_uart.o(i.HAL_UART_AbortReceive) refers to stm32g0xx_hal_dma.o(i.HAL_DMA_GetError) for HAL_DMA_GetError
    stm32g0xx_hal_uart.o(i.HAL_UART_AbortReceive_IT) refers to stm32g0xx_hal_dma.o(i.HAL_DMA_Abort_IT) for HAL_DMA_Abort_IT
    stm32g0xx_hal_uart.o(i.HAL_UART_AbortReceive_IT) refers to stm32g0xx_hal_uart.o(i.HAL_UART_AbortReceiveCpltCallback) for HAL_UART_AbortReceiveCpltCallback
    stm32g0xx_hal_uart.o(i.HAL_UART_AbortReceive_IT) refers to stm32g0xx_hal_uart.o(i.UART_DMARxOnlyAbortCallback) for UART_DMARxOnlyAbortCallback
    stm32g0xx_hal_uart.o(i.HAL_UART_AbortTransmit) refers to stm32g0xx_hal_dma.o(i.HAL_DMA_Abort) for HAL_DMA_Abort
    stm32g0xx_hal_uart.o(i.HAL_UART_AbortTransmit) refers to stm32g0xx_hal_dma.o(i.HAL_DMA_GetError) for HAL_DMA_GetError
    stm32g0xx_hal_uart.o(i.HAL_UART_AbortTransmit_IT) refers to stm32g0xx_hal_dma.o(i.HAL_DMA_Abort_IT) for HAL_DMA_Abort_IT
    stm32g0xx_hal_uart.o(i.HAL_UART_AbortTransmit_IT) refers to stm32g0xx_hal_uart.o(i.HAL_UART_AbortTransmitCpltCallback) for HAL_UART_AbortTransmitCpltCallback
    stm32g0xx_hal_uart.o(i.HAL_UART_AbortTransmit_IT) refers to stm32g0xx_hal_uart.o(i.UART_DMATxOnlyAbortCallback) for UART_DMATxOnlyAbortCallback
    stm32g0xx_hal_uart.o(i.HAL_UART_Abort_IT) refers to stm32g0xx_hal_dma.o(i.HAL_DMA_Abort_IT) for HAL_DMA_Abort_IT
    stm32g0xx_hal_uart.o(i.HAL_UART_Abort_IT) refers to stm32g0xx_hal_uart.o(i.HAL_UART_AbortCpltCallback) for HAL_UART_AbortCpltCallback
    stm32g0xx_hal_uart.o(i.HAL_UART_Abort_IT) refers to stm32g0xx_hal_uart.o(i.UART_DMATxAbortCallback) for UART_DMATxAbortCallback
    stm32g0xx_hal_uart.o(i.HAL_UART_Abort_IT) refers to stm32g0xx_hal_uart.o(i.UART_DMARxAbortCallback) for UART_DMARxAbortCallback
    stm32g0xx_hal_uart.o(i.HAL_UART_DMAStop) refers to stm32g0xx_hal_dma.o(i.HAL_DMA_Abort) for HAL_DMA_Abort
    stm32g0xx_hal_uart.o(i.HAL_UART_DMAStop) refers to stm32g0xx_hal_dma.o(i.HAL_DMA_GetError) for HAL_DMA_GetError
    stm32g0xx_hal_uart.o(i.HAL_UART_DMAStop) refers to stm32g0xx_hal_uart.o(i.UART_EndTxTransfer) for UART_EndTxTransfer
    stm32g0xx_hal_uart.o(i.HAL_UART_DMAStop) refers to stm32g0xx_hal_uart.o(i.UART_EndRxTransfer) for UART_EndRxTransfer
    stm32g0xx_hal_uart.o(i.HAL_UART_DeInit) refers to usart.o(i.HAL_UART_MspDeInit) for HAL_UART_MspDeInit
    stm32g0xx_hal_uart.o(i.HAL_UART_IRQHandler) refers to stm32g0xx_hal_uart.o(i.UART_EndRxTransfer) for UART_EndRxTransfer
    stm32g0xx_hal_uart.o(i.HAL_UART_IRQHandler) refers to stm32g0xx_hal_dma.o(i.HAL_DMA_Abort_IT) for HAL_DMA_Abort_IT
    stm32g0xx_hal_uart.o(i.HAL_UART_IRQHandler) refers to stm32g0xx_hal_uart.o(i.HAL_UART_ErrorCallback) for HAL_UART_ErrorCallback
    stm32g0xx_hal_uart.o(i.HAL_UART_IRQHandler) refers to stm32g0xx_hal_uart_ex.o(i.HAL_UARTEx_WakeupCallback) for HAL_UARTEx_WakeupCallback
    stm32g0xx_hal_uart.o(i.HAL_UART_IRQHandler) refers to stm32g0xx_hal_uart.o(i.HAL_UART_TxCpltCallback) for HAL_UART_TxCpltCallback
    stm32g0xx_hal_uart.o(i.HAL_UART_IRQHandler) refers to stm32g0xx_hal_uart_ex.o(i.HAL_UARTEx_TxFifoEmptyCallback) for HAL_UARTEx_TxFifoEmptyCallback
    stm32g0xx_hal_uart.o(i.HAL_UART_IRQHandler) refers to stm32g0xx_hal_uart_ex.o(i.HAL_UARTEx_RxFifoFullCallback) for HAL_UARTEx_RxFifoFullCallback
    stm32g0xx_hal_uart.o(i.HAL_UART_IRQHandler) refers to stm32g0xx_hal_uart.o(i.UART_DMAAbortOnError) for UART_DMAAbortOnError
    stm32g0xx_hal_uart.o(i.HAL_UART_Init) refers to usart.o(i.HAL_UART_MspInit) for HAL_UART_MspInit
    stm32g0xx_hal_uart.o(i.HAL_UART_Init) refers to stm32g0xx_hal_uart.o(i.UART_SetConfig) for UART_SetConfig
    stm32g0xx_hal_uart.o(i.HAL_UART_Init) refers to stm32g0xx_hal_uart.o(i.UART_AdvFeatureConfig) for UART_AdvFeatureConfig
    stm32g0xx_hal_uart.o(i.HAL_UART_Init) refers to stm32g0xx_hal_uart.o(i.UART_CheckIdleState) for UART_CheckIdleState
    stm32g0xx_hal_uart.o(i.HAL_UART_Receive) refers to stm32g0xx_hal.o(i.HAL_GetTick) for HAL_GetTick
    stm32g0xx_hal_uart.o(i.HAL_UART_Receive) refers to stm32g0xx_hal_uart.o(i.UART_WaitOnFlagUntilTimeout) for UART_WaitOnFlagUntilTimeout
    stm32g0xx_hal_uart.o(i.HAL_UART_Receive_DMA) refers to stm32g0xx_hal_dma.o(i.HAL_DMA_Start_IT) for HAL_DMA_Start_IT
    stm32g0xx_hal_uart.o(i.HAL_UART_Receive_DMA) refers to stm32g0xx_hal_uart.o(i.UART_DMAReceiveCplt) for UART_DMAReceiveCplt
    stm32g0xx_hal_uart.o(i.HAL_UART_Receive_DMA) refers to stm32g0xx_hal_uart.o(i.UART_DMARxHalfCplt) for UART_DMARxHalfCplt
    stm32g0xx_hal_uart.o(i.HAL_UART_Receive_DMA) refers to stm32g0xx_hal_uart.o(i.UART_DMAError) for UART_DMAError
    stm32g0xx_hal_uart.o(i.HAL_UART_Receive_IT) refers to stm32g0xx_hal_uart.o(i.UART_RxISR_8BIT_FIFOEN) for UART_RxISR_8BIT_FIFOEN
    stm32g0xx_hal_uart.o(i.HAL_UART_Receive_IT) refers to stm32g0xx_hal_uart.o(i.UART_RxISR_16BIT_FIFOEN) for UART_RxISR_16BIT_FIFOEN
    stm32g0xx_hal_uart.o(i.HAL_UART_Receive_IT) refers to stm32g0xx_hal_uart.o(i.UART_RxISR_8BIT) for UART_RxISR_8BIT
    stm32g0xx_hal_uart.o(i.HAL_UART_Receive_IT) refers to stm32g0xx_hal_uart.o(i.UART_RxISR_16BIT) for UART_RxISR_16BIT
    stm32g0xx_hal_uart.o(i.HAL_UART_Transmit) refers to stm32g0xx_hal.o(i.HAL_GetTick) for HAL_GetTick
    stm32g0xx_hal_uart.o(i.HAL_UART_Transmit) refers to stm32g0xx_hal_uart.o(i.UART_WaitOnFlagUntilTimeout) for UART_WaitOnFlagUntilTimeout
    stm32g0xx_hal_uart.o(i.HAL_UART_Transmit_DMA) refers to stm32g0xx_hal_dma.o(i.HAL_DMA_Start_IT) for HAL_DMA_Start_IT
    stm32g0xx_hal_uart.o(i.HAL_UART_Transmit_DMA) refers to stm32g0xx_hal_uart.o(i.UART_DMATransmitCplt) for UART_DMATransmitCplt
    stm32g0xx_hal_uart.o(i.HAL_UART_Transmit_DMA) refers to stm32g0xx_hal_uart.o(i.UART_DMATxHalfCplt) for UART_DMATxHalfCplt
    stm32g0xx_hal_uart.o(i.HAL_UART_Transmit_DMA) refers to stm32g0xx_hal_uart.o(i.UART_DMAError) for UART_DMAError
    stm32g0xx_hal_uart.o(i.HAL_UART_Transmit_IT) refers to stm32g0xx_hal_uart.o(i.UART_TxISR_8BIT_FIFOEN) for UART_TxISR_8BIT_FIFOEN
    stm32g0xx_hal_uart.o(i.HAL_UART_Transmit_IT) refers to stm32g0xx_hal_uart.o(i.UART_TxISR_16BIT_FIFOEN) for UART_TxISR_16BIT_FIFOEN
    stm32g0xx_hal_uart.o(i.HAL_UART_Transmit_IT) refers to stm32g0xx_hal_uart.o(i.UART_TxISR_8BIT) for UART_TxISR_8BIT
    stm32g0xx_hal_uart.o(i.HAL_UART_Transmit_IT) refers to stm32g0xx_hal_uart.o(i.UART_TxISR_16BIT) for UART_TxISR_16BIT
    stm32g0xx_hal_uart.o(i.UART_CheckIdleState) refers to stm32g0xx_hal.o(i.HAL_GetTick) for HAL_GetTick
    stm32g0xx_hal_uart.o(i.UART_CheckIdleState) refers to stm32g0xx_hal_uart.o(i.UART_WaitOnFlagUntilTimeout) for UART_WaitOnFlagUntilTimeout
    stm32g0xx_hal_uart.o(i.UART_DMAAbortOnError) refers to stm32g0xx_hal_uart.o(i.HAL_UART_ErrorCallback) for HAL_UART_ErrorCallback
    stm32g0xx_hal_uart.o(i.UART_DMAError) refers to stm32g0xx_hal_uart.o(i.UART_EndTxTransfer) for UART_EndTxTransfer
    stm32g0xx_hal_uart.o(i.UART_DMAError) refers to stm32g0xx_hal_uart.o(i.UART_EndRxTransfer) for UART_EndRxTransfer
    stm32g0xx_hal_uart.o(i.UART_DMAError) refers to stm32g0xx_hal_uart.o(i.HAL_UART_ErrorCallback) for HAL_UART_ErrorCallback
    stm32g0xx_hal_uart.o(i.UART_DMAReceiveCplt) refers to stm32g0xx_it.o(i.HAL_UART_RxCpltCallback) for HAL_UART_RxCpltCallback
    stm32g0xx_hal_uart.o(i.UART_DMARxAbortCallback) refers to stm32g0xx_hal_uart.o(i.HAL_UART_AbortCpltCallback) for HAL_UART_AbortCpltCallback
    stm32g0xx_hal_uart.o(i.UART_DMARxHalfCplt) refers to stm32g0xx_hal_uart.o(i.HAL_UART_RxHalfCpltCallback) for HAL_UART_RxHalfCpltCallback
    stm32g0xx_hal_uart.o(i.UART_DMARxOnlyAbortCallback) refers to stm32g0xx_hal_uart.o(i.HAL_UART_AbortReceiveCpltCallback) for HAL_UART_AbortReceiveCpltCallback
    stm32g0xx_hal_uart.o(i.UART_DMATransmitCplt) refers to stm32g0xx_hal_uart.o(i.HAL_UART_TxCpltCallback) for HAL_UART_TxCpltCallback
    stm32g0xx_hal_uart.o(i.UART_DMATxAbortCallback) refers to stm32g0xx_hal_uart.o(i.HAL_UART_AbortCpltCallback) for HAL_UART_AbortCpltCallback
    stm32g0xx_hal_uart.o(i.UART_DMATxHalfCplt) refers to stm32g0xx_hal_uart.o(i.HAL_UART_TxHalfCpltCallback) for HAL_UART_TxHalfCpltCallback
    stm32g0xx_hal_uart.o(i.UART_DMATxOnlyAbortCallback) refers to stm32g0xx_hal_uart.o(i.HAL_UART_AbortTransmitCpltCallback) for HAL_UART_AbortTransmitCpltCallback
    stm32g0xx_hal_uart.o(i.UART_RxISR_16BIT) refers to stm32g0xx_it.o(i.HAL_UART_RxCpltCallback) for HAL_UART_RxCpltCallback
    stm32g0xx_hal_uart.o(i.UART_RxISR_16BIT_FIFOEN) refers to stm32g0xx_it.o(i.HAL_UART_RxCpltCallback) for HAL_UART_RxCpltCallback
    stm32g0xx_hal_uart.o(i.UART_RxISR_16BIT_FIFOEN) refers to stm32g0xx_hal_uart.o(i.UART_RxISR_16BIT) for UART_RxISR_16BIT
    stm32g0xx_hal_uart.o(i.UART_RxISR_8BIT) refers to stm32g0xx_it.o(i.HAL_UART_RxCpltCallback) for HAL_UART_RxCpltCallback
    stm32g0xx_hal_uart.o(i.UART_RxISR_8BIT_FIFOEN) refers to stm32g0xx_it.o(i.HAL_UART_RxCpltCallback) for HAL_UART_RxCpltCallback
    stm32g0xx_hal_uart.o(i.UART_RxISR_8BIT_FIFOEN) refers to stm32g0xx_hal_uart.o(i.UART_RxISR_8BIT) for UART_RxISR_8BIT
    stm32g0xx_hal_uart.o(i.UART_SetConfig) refers to stm32g0xx_hal_rcc.o(i.HAL_RCC_GetPCLK1Freq) for HAL_RCC_GetPCLK1Freq
    stm32g0xx_hal_uart.o(i.UART_SetConfig) refers to uidiv.o(.text) for __aeabi_uidivmod
    stm32g0xx_hal_uart.o(i.UART_SetConfig) refers to stm32g0xx_hal_rcc.o(i.HAL_RCC_GetSysClockFreq) for HAL_RCC_GetSysClockFreq
    stm32g0xx_hal_uart.o(i.UART_WaitOnFlagUntilTimeout) refers to stm32g0xx_hal.o(i.HAL_GetTick) for HAL_GetTick
    stm32g0xx_hal_uart_ex.o(i.HAL_MultiProcessorEx_AddressLength_Set) refers to stm32g0xx_hal_uart.o(i.UART_CheckIdleState) for UART_CheckIdleState
    stm32g0xx_hal_uart_ex.o(i.HAL_RS485Ex_Init) refers to usart.o(i.HAL_UART_MspInit) for HAL_UART_MspInit
    stm32g0xx_hal_uart_ex.o(i.HAL_RS485Ex_Init) refers to stm32g0xx_hal_uart.o(i.UART_SetConfig) for UART_SetConfig
    stm32g0xx_hal_uart_ex.o(i.HAL_RS485Ex_Init) refers to stm32g0xx_hal_uart.o(i.UART_AdvFeatureConfig) for UART_AdvFeatureConfig
    stm32g0xx_hal_uart_ex.o(i.HAL_RS485Ex_Init) refers to stm32g0xx_hal_uart.o(i.UART_CheckIdleState) for UART_CheckIdleState
    stm32g0xx_hal_uart_ex.o(i.HAL_UARTEx_EnableFifoMode) refers to stm32g0xx_hal_uart_ex.o(i.UARTEx_SetNbDataToProcess) for UARTEx_SetNbDataToProcess
    stm32g0xx_hal_uart_ex.o(i.HAL_UARTEx_SetRxFifoThreshold) refers to stm32g0xx_hal_uart_ex.o(i.UARTEx_SetNbDataToProcess) for UARTEx_SetNbDataToProcess
    stm32g0xx_hal_uart_ex.o(i.HAL_UARTEx_SetTxFifoThreshold) refers to stm32g0xx_hal_uart_ex.o(i.UARTEx_SetNbDataToProcess) for UARTEx_SetNbDataToProcess
    stm32g0xx_hal_uart_ex.o(i.HAL_UARTEx_StopModeWakeUpSourceConfig) refers to stm32g0xx_hal.o(i.HAL_GetTick) for HAL_GetTick
    stm32g0xx_hal_uart_ex.o(i.HAL_UARTEx_StopModeWakeUpSourceConfig) refers to stm32g0xx_hal_uart.o(i.UART_WaitOnFlagUntilTimeout) for UART_WaitOnFlagUntilTimeout
    stm32g0xx_hal_uart_ex.o(i.UARTEx_SetNbDataToProcess) refers to uidiv.o(.text) for __aeabi_uidivmod
    system_stm32g0xx.o(i.SystemCoreClockUpdate) refers to uidiv.o(.text) for __aeabi_uidivmod
    system_stm32g0xx.o(i.SystemCoreClockUpdate) refers to system_stm32g0xx.o(.data) for .data
    system_stm32g0xx.o(i.SystemCoreClockUpdate) refers to system_stm32g0xx.o(.constdata) for .constdata
    fs_crc.o(i.usMBCRC16) refers to fs_crc.o(.constdata) for .constdata
    fs_protocol.o(i.analysis_Packet) refers to fs_crc.o(i.crc8) for crc8
    fs_protocol.o(i.analysis_Packet) refers to printf8.o(i.__0printf$8) for __2printf
    fs_protocol.o(i.analysis_Packet) refers to stm32g0xx_hal_gpio.o(i.HAL_GPIO_WritePin) for HAL_GPIO_WritePin
    fs_protocol.o(i.analysis_Packet) refers to main.o(i.Blink_Leds) for Blink_Leds
    fs_protocol.o(i.analysis_Packet) refers to bsp_beep.o(i.set_Beep_Status) for set_Beep_Status
    fs_protocol.o(i.analysis_Packet) refers to bsp_p9813.o(i.rgb_setValue) for rgb_setValue
    fs_protocol.o(i.analysis_Packet) refers to app_system.o(.data) for global_Data
    fs_protocol.o(i.packet_data) refers to fs_crc.o(i.crc8) for crc8
    fs_protocol.o(i.packet_data) refers to app_system.o(.data) for global_Data
    bsp_esp8266.o(i.ATRecv) refers to printf8.o(i.__0printf$8) for __2printf
    bsp_esp8266.o(i.ATRecv) refers to strstr.o(.text) for strstr
    bsp_esp8266.o(i.ATRecv) refers to strtok.o(.text) for strtok
    bsp_esp8266.o(i.ATRecv) refers to bsp_lcd.o(i.Gui_DrawFont_GBK16) for Gui_DrawFont_GBK16
    bsp_esp8266.o(i.ATRecv) refers to stm32g0xx_hal_gpio.o(i.HAL_GPIO_WritePin) for HAL_GPIO_WritePin
    bsp_esp8266.o(i.ATRecv) refers to memseta.o(.text) for __aeabi_memclr
    bsp_esp8266.o(i.ATRecv) refers to usart.o(.bss) for Usart2type
    bsp_esp8266.o(i.ATRecv) refers to bsp_esp8266.o(.data) for .data
    bsp_esp8266.o(i.ATSend) refers to memseta.o(.text) for __aeabi_memclr
    bsp_esp8266.o(i.ATSend) refers to strlen.o(.text) for strlen
    bsp_esp8266.o(i.ATSend) refers to stm32g0xx_hal_uart.o(i.HAL_UART_Transmit) for HAL_UART_Transmit
    bsp_esp8266.o(i.ATSend) refers to printf8.o(i.__0printf$8) for __2printf
    bsp_esp8266.o(i.ATSend) refers to dfixui.o(.text) for __aeabi_d2uiz
    bsp_esp8266.o(i.ATSend) refers to bsp_softwaretimer.o(i.setTime) for setTime
    bsp_esp8266.o(i.ATSend) refers to printf8.o(i.__0sprintf$8) for __2sprintf
    bsp_esp8266.o(i.ATSend) refers to usart.o(.bss) for Usart2type
    bsp_esp8266.o(i.ATSend) refers to bsp_esp8266.o(.data) for .data
    bsp_esp8266.o(i.ATSend) refers to usart.o(.bss) for huart2
    bsp_esp8266.o(i.ESP8266_Init) refers to printf8.o(i.__0printf$8) for __2printf
    bsp_esp8266.o(i.ESP8266_Init) refers to bsp_lcd.o(i.Gui_DrawFont_GBK16) for Gui_DrawFont_GBK16
    bsp_esp8266.o(i.ESP8266_Init) refers to bsp_esp8266.o(.data) for .data
    bsp_esp8266.o(i.ESP_TASK) refers to bsp_esp8266.o(i.ATRecv) for ATRecv
    bsp_esp8266.o(i.ESP_TASK) refers to bsp_esp8266.o(i.Rec_WaitAT) for Rec_WaitAT
    bsp_esp8266.o(i.ESP_TASK) refers to bsp_esp8266.o(i.SEND_TASK) for SEND_TASK
    bsp_esp8266.o(i.ESP_TASK) refers to bsp_esp8266.o(i.ATSend) for ATSend
    bsp_esp8266.o(i.ESP_TASK) refers to bsp_esp8266.o(.data) for .data
    bsp_esp8266.o(i.Rec_WaitAT) refers to bsp_softwaretimer.o(i.compareTime) for compareTime
    bsp_esp8266.o(i.Rec_WaitAT) refers to printf8.o(i.__0printf$8) for __2printf
    bsp_esp8266.o(i.Rec_WaitAT) refers to stm32g0xx_hal_dma.o(i.__ARM_common_switch8) for __ARM_common_switch8
    bsp_esp8266.o(i.Rec_WaitAT) refers to stm32g0xx_hal_gpio.o(i.HAL_GPIO_WritePin) for HAL_GPIO_WritePin
    bsp_esp8266.o(i.Rec_WaitAT) refers to bsp_softwaretimer.o(i.setTime) for setTime
    bsp_esp8266.o(i.Rec_WaitAT) refers to stm32g0xx_hal.o(i.HAL_Delay) for HAL_Delay
    bsp_esp8266.o(i.Rec_WaitAT) refers to bsp_esp8266.o(.data) for .data
    bsp_esp8266.o(i.SEND_TASK) refers to main.o(i.Blink_Leds) for Blink_Leds
    bsp_esp8266.o(i.SEND_TASK) refers to app_system.o(i.get_SensorData) for get_SensorData
    bsp_esp8266.o(i.SEND_TASK) refers to app_system.o(i.DisplayDeviceData) for DisplayDeviceData
    bsp_esp8266.o(i.SEND_TASK) refers to memseta.o(.text) for __aeabi_memclr
    bsp_esp8266.o(i.SEND_TASK) refers to fs_protocol.o(i.packet_data) for packet_data
    bsp_esp8266.o(i.SEND_TASK) refers to stm32g0xx_hal_uart.o(i.HAL_UART_Transmit) for HAL_UART_Transmit
    bsp_esp8266.o(i.SEND_TASK) refers to fs_protocol.o(i.analysis_Packet) for analysis_Packet
    bsp_esp8266.o(i.SEND_TASK) refers to printf8.o(i.__0printf$8) for __2printf
    bsp_esp8266.o(i.SEND_TASK) refers to bsp_esp8266.o(.data) for .data
    bsp_esp8266.o(i.SEND_TASK) refers to app_system.o(.data) for global_Data
    bsp_esp8266.o(i.SEND_TASK) refers to bsp_esp8266.o(.bss) for .bss
    bsp_esp8266.o(i.SEND_TASK) refers to usart.o(.bss) for huart2
    bsp_esp8266.o(i.SEND_TASK) refers to usart.o(.bss) for Usart2type
    bsp_esp8266.o(.data) refers to bsp_esp8266.o(.conststring) for .conststring
    bsp_lcd.o(i.Gui_DrawFont_GBK16) refers to bsp_lcd.o(i.Gui_DrawPoint) for Gui_DrawPoint
    bsp_lcd.o(i.Gui_DrawFont_GBK16) refers to strlen.o(.text) for strlen
    bsp_lcd.o(i.Gui_DrawFont_GBK16) refers to bsp_lcd.o(.constdata) for .constdata
    bsp_lcd.o(i.Gui_DrawPoint) refers to bsp_lcd.o(i.Lcd_SetRegion) for Lcd_SetRegion
    bsp_lcd.o(i.Gui_DrawPoint) refers to bsp_lcd.o(i.LCD_WriteData_16Bit) for LCD_WriteData_16Bit
    bsp_lcd.o(i.LCD_WriteData_16Bit) refers to bsp_lcd.o(i.SPI_WriteData) for SPI_WriteData
    bsp_lcd.o(i.Lcd_Clear) refers to bsp_lcd.o(i.Lcd_SetRegion) for Lcd_SetRegion
    bsp_lcd.o(i.Lcd_Clear) refers to bsp_lcd.o(i.Lcd_WriteIndex) for Lcd_WriteIndex
    bsp_lcd.o(i.Lcd_Clear) refers to bsp_lcd.o(i.LCD_WriteData_16Bit) for LCD_WriteData_16Bit
    bsp_lcd.o(i.Lcd_Init) refers to stm32g0xx_hal.o(i.HAL_Delay) for HAL_Delay
    bsp_lcd.o(i.Lcd_Init) refers to bsp_lcd.o(i.Lcd_WriteIndex) for Lcd_WriteIndex
    bsp_lcd.o(i.Lcd_Init) refers to bsp_lcd.o(i.Lcd_WriteData) for Lcd_WriteData
    bsp_lcd.o(i.Lcd_SetRegion) refers to bsp_lcd.o(i.Lcd_WriteIndex) for Lcd_WriteIndex
    bsp_lcd.o(i.Lcd_SetRegion) refers to bsp_lcd.o(i.Lcd_WriteData) for Lcd_WriteData
    bsp_lcd.o(i.Lcd_SetXY) refers to bsp_lcd.o(i.Lcd_SetRegion) for Lcd_SetRegion
    bsp_lcd.o(i.Lcd_WriteData) refers to bsp_lcd.o(i.SPI_WriteData) for SPI_WriteData
    bsp_lcd.o(i.Lcd_WriteIndex) refers to bsp_lcd.o(i.SPI_WriteData) for SPI_WriteData
    bsp_lcd.o(i.Lcd_WriteReg) refers to bsp_lcd.o(i.Lcd_WriteIndex) for Lcd_WriteIndex
    bsp_lcd.o(i.Lcd_WriteReg) refers to bsp_lcd.o(i.Lcd_WriteData) for Lcd_WriteData
    bsp_lcd.o(i.showimage) refers to bsp_lcd.o(i.Lcd_SetRegion) for Lcd_SetRegion
    bsp_lcd.o(i.showimage) refers to bsp_lcd.o(i.LCD_WriteData_16Bit) for LCD_WriteData_16Bit
    bsp_lcd.o(i.showimage_farsight) refers to bsp_lcd.o(i.Lcd_SetRegion) for Lcd_SetRegion
    bsp_lcd.o(i.showimage_farsight) refers to bsp_lcd.o(i.LCD_WriteData_16Bit) for LCD_WriteData_16Bit
    bsp_p9813.o(i.RGB_Send_Data) refers to stm32g0xx_hal_gpio.o(i.HAL_GPIO_WritePin) for HAL_GPIO_WritePin
    bsp_p9813.o(i.RGB_Send_Data) refers to dht11.o(i.delay_us) for delay_us
    bsp_p9813.o(i.rgb_Gpio_Init) refers to memseta.o(.text) for __aeabi_memclr4
    bsp_p9813.o(i.rgb_Gpio_Init) refers to stm32g0xx_hal_gpio.o(i.HAL_GPIO_WritePin) for HAL_GPIO_WritePin
    bsp_p9813.o(i.rgb_Gpio_Init) refers to stm32g0xx_hal_gpio.o(i.HAL_GPIO_Init) for HAL_GPIO_Init
    bsp_p9813.o(i.rgb_setValue) refers to bsp_p9813.o(i.Color_Data) for Color_Data
    bsp_p9813.o(i.rgb_setValue) refers to bsp_p9813.o(i.RGB_Send_Data) for RGB_Send_Data
    bsp_softwaretimer.o(i.compareTime) refers to stm32g0xx_hal.o(i.HAL_GetTick) for HAL_GetTick
    bsp_softwaretimer.o(i.setTime) refers to stm32g0xx_hal.o(i.HAL_GetTick) for HAL_GetTick
    bsp_ultrasonic.o(i.get_ultrasonic_val) refers to stm32g0xx_hal_gpio.o(i.HAL_GPIO_WritePin) for HAL_GPIO_WritePin
    bsp_ultrasonic.o(i.get_ultrasonic_val) refers to dht11.o(i.delay_us) for delay_us
    bsp_ultrasonic.o(i.get_ultrasonic_val) refers to stm32g0xx_hal_gpio.o(i.HAL_GPIO_ReadPin) for HAL_GPIO_ReadPin
    bsp_ultrasonic.o(i.get_ultrasonic_val) refers to uidiv.o(.text) for __aeabi_uidivmod
    bsp_ultrasonic.o(i.get_ultrasonic_val) refers to tim.o(.bss) for htim3
    bsp_ultrasonic.o(i.ultrasonicUsing_Init) refers to gpio.o(i.MX_GPIO_Init) for MX_GPIO_Init
    bsp_ultrasonic.o(i.ultrasonicUsing_Init) refers to tim.o(i.MX_TIM3_Init) for MX_TIM3_Init
    app_system.o(i.BSP_Init) refers to stm32g0xx_hal_adc.o(i.HAL_ADC_Start_DMA) for HAL_ADC_Start_DMA
    app_system.o(i.BSP_Init) refers to stm32g0xx_hal.o(i.HAL_Delay) for HAL_Delay
    app_system.o(i.BSP_Init) refers to printf8.o(i.__0printf$8) for __2printf
    app_system.o(i.BSP_Init) refers to gpio.o(i.D2_IN_GPIO_Init) for D2_IN_GPIO_Init
    app_system.o(i.BSP_Init) refers to gpio.o(i.D1_OUT_GPIO_Init) for D1_OUT_GPIO_Init
    app_system.o(i.BSP_Init) refers to gpio.o(i.D2_OUT_GPIO_Init) for D2_OUT_GPIO_Init
    app_system.o(i.BSP_Init) refers to bsp_ultrasonic.o(i.ultrasonicUsing_Init) for ultrasonicUsing_Init
    app_system.o(i.BSP_Init) refers to gpio.o(i.D1_IN_GPIO_Init) for D1_IN_GPIO_Init
    app_system.o(i.BSP_Init) refers to app_system.o(.bss) for .bss
    app_system.o(i.BSP_Init) refers to adc.o(.bss) for hadc1
    app_system.o(i.BSP_Init) refers to app_system.o(.data) for .data
    app_system.o(i.DisplayDeviceData) refers to memseta.o(.text) for __aeabi_memclr4
    app_system.o(i.DisplayDeviceData) refers to printf8.o(i.__0sprintf$8) for __2sprintf
    app_system.o(i.DisplayDeviceData) refers to bsp_lcd.o(i.Gui_DrawFont_GBK16) for Gui_DrawFont_GBK16
    app_system.o(i.DisplayDeviceData) refers to app_system.o(.data) for .data
    app_system.o(i.DisplayDeviceLogo) refers to bsp_lcd.o(i.Lcd_Init) for Lcd_Init
    app_system.o(i.DisplayDeviceLogo) refers to bsp_lcd.o(i.Lcd_Clear) for Lcd_Clear
    app_system.o(i.DisplayDeviceLogo) refers to bsp_lcd.o(i.Gui_DrawFont_GBK16) for Gui_DrawFont_GBK16
    app_system.o(i.DisplayDeviceLogo) refers to app_system.o(.data) for .data
    app_system.o(i.HAL_TIM_PeriodElapsedCallback) refers to app_system.o(.data) for .data
    app_system.o(i.get_SensorData) refers to uidiv.o(.text) for __aeabi_uidivmod
    app_system.o(i.get_SensorData) refers to bsp_ultrasonic.o(i.get_ultrasonic_val) for get_ultrasonic_val
    app_system.o(i.get_SensorData) refers to stm32g0xx_hal_gpio.o(i.HAL_GPIO_ReadPin) for HAL_GPIO_ReadPin
    app_system.o(i.get_SensorData) refers to dht11.o(i.DHT11_Read_Data) for DHT11_Read_Data
    app_system.o(i.get_SensorData) refers to app_system.o(.bss) for .bss
    app_system.o(i.get_SensorData) refers to app_system.o(.data) for .data
    bsp_beep.o(i.set_Beep_Status) refers to stm32g0xx_hal_tim_ex.o(i.HAL_TIMEx_PWMN_Start) for HAL_TIMEx_PWMN_Start
    bsp_beep.o(i.set_Beep_Status) refers to stm32g0xx_hal_tim_ex.o(i.HAL_TIMEx_PWMN_Stop) for HAL_TIMEx_PWMN_Stop
    bsp_beep.o(i.set_Beep_Status) refers to tim.o(.bss) for htim17
    entry.o(.ARM.Collect$$$$00000000) refers (Special) to entry10a.o(.ARM.Collect$$$$0000000D) for __rt_final_cpp
    entry.o(.ARM.Collect$$$$00000000) refers (Special) to entry11a.o(.ARM.Collect$$$$0000000F) for __rt_final_exit
    entry.o(.ARM.Collect$$$$00000000) refers (Special) to entry7b.o(.ARM.Collect$$$$00000008) for _main_clock
    entry.o(.ARM.Collect$$$$00000000) refers (Special) to entry8b.o(.ARM.Collect$$$$0000000A) for _main_cpp_init
    entry.o(.ARM.Collect$$$$00000000) refers (Special) to entry9a.o(.ARM.Collect$$$$0000000B) for _main_init
    entry.o(.ARM.Collect$$$$00000000) refers (Special) to entry5.o(.ARM.Collect$$$$00000004) for _main_scatterload
    entry.o(.ARM.Collect$$$$00000000) refers (Special) to entry2.o(.ARM.Collect$$$$00000001) for _main_stk
    strtok.o(.text) refers to strtok.o(.data) for .data
    strtok_r.o(.text) refers to strtok_r.o(.data) for .data
    printfb.o(i.__0fprintf$bare) refers to printfb.o(i._printf_core) for _printf_core
    printfb.o(i.__0fprintf$bare) refers to main.o(i.fputc) for fputc
    printfb.o(i.__0printf$bare) refers to printfb.o(i._printf_core) for _printf_core
    printfb.o(i.__0printf$bare) refers to main.o(i.fputc) for fputc
    printfb.o(i.__0printf$bare) refers to stdout.o(.data) for __stdout
    printfb.o(i.__0snprintf$bare) refers to printfb.o(i._printf_core) for _printf_core
    printfb.o(i.__0snprintf$bare) refers to printfb.o(i._snputc) for _snputc
    printfb.o(i.__0sprintf$bare) refers to printfb.o(i._printf_core) for _printf_core
    printfb.o(i.__0sprintf$bare) refers to printfb.o(i._sputc) for _sputc
    printfb.o(i.__0vfprintf$bare) refers to printfb.o(i._printf_core) for _printf_core
    printfb.o(i.__0vfprintf$bare) refers to main.o(i.fputc) for fputc
    printfb.o(i.__0vprintf$bare) refers to printfb.o(i._printf_core) for _printf_core
    printfb.o(i.__0vprintf$bare) refers to main.o(i.fputc) for fputc
    printfb.o(i.__0vprintf$bare) refers to stdout.o(.data) for __stdout
    printfb.o(i.__0vsnprintf$bare) refers to printfb.o(i._printf_core) for _printf_core
    printfb.o(i.__0vsnprintf$bare) refers to printfb.o(i._snputc) for _snputc
    printfb.o(i.__0vsprintf$bare) refers to printfb.o(i._printf_core) for _printf_core
    printfb.o(i.__0vsprintf$bare) refers to printfb.o(i._sputc) for _sputc
    printf0.o(i.__0fprintf$0) refers to printf0.o(i._printf_core) for _printf_core
    printf0.o(i.__0fprintf$0) refers to main.o(i.fputc) for fputc
    printf0.o(i.__0printf$0) refers to printf0.o(i._printf_core) for _printf_core
    printf0.o(i.__0printf$0) refers to main.o(i.fputc) for fputc
    printf0.o(i.__0printf$0) refers to stdout.o(.data) for __stdout
    printf0.o(i.__0snprintf$0) refers to printf0.o(i._printf_core) for _printf_core
    printf0.o(i.__0snprintf$0) refers to printf0.o(i._snputc) for _snputc
    printf0.o(i.__0sprintf$0) refers to printf0.o(i._printf_core) for _printf_core
    printf0.o(i.__0sprintf$0) refers to printf0.o(i._sputc) for _sputc
    printf0.o(i.__0vfprintf$0) refers to printf0.o(i._printf_core) for _printf_core
    printf0.o(i.__0vfprintf$0) refers to main.o(i.fputc) for fputc
    printf0.o(i.__0vprintf$0) refers to printf0.o(i._printf_core) for _printf_core
    printf0.o(i.__0vprintf$0) refers to main.o(i.fputc) for fputc
    printf0.o(i.__0vprintf$0) refers to stdout.o(.data) for __stdout
    printf0.o(i.__0vsnprintf$0) refers to printf0.o(i._printf_core) for _printf_core
    printf0.o(i.__0vsnprintf$0) refers to printf0.o(i._snputc) for _snputc
    printf0.o(i.__0vsprintf$0) refers to printf0.o(i._printf_core) for _printf_core
    printf0.o(i.__0vsprintf$0) refers to printf0.o(i._sputc) for _sputc
    printf1.o(i.__0fprintf$1) refers to printf1.o(i._printf_core) for _printf_core
    printf1.o(i.__0fprintf$1) refers to main.o(i.fputc) for fputc
    printf1.o(i.__0printf$1) refers to printf1.o(i._printf_core) for _printf_core
    printf1.o(i.__0printf$1) refers to main.o(i.fputc) for fputc
    printf1.o(i.__0printf$1) refers to stdout.o(.data) for __stdout
    printf1.o(i.__0snprintf$1) refers to printf1.o(i._printf_core) for _printf_core
    printf1.o(i.__0snprintf$1) refers to printf1.o(i._snputc) for _snputc
    printf1.o(i.__0sprintf$1) refers to printf1.o(i._printf_core) for _printf_core
    printf1.o(i.__0sprintf$1) refers to printf1.o(i._sputc) for _sputc
    printf1.o(i.__0vfprintf$1) refers to printf1.o(i._printf_core) for _printf_core
    printf1.o(i.__0vfprintf$1) refers to main.o(i.fputc) for fputc
    printf1.o(i.__0vprintf$1) refers to printf1.o(i._printf_core) for _printf_core
    printf1.o(i.__0vprintf$1) refers to main.o(i.fputc) for fputc
    printf1.o(i.__0vprintf$1) refers to stdout.o(.data) for __stdout
    printf1.o(i.__0vsnprintf$1) refers to printf1.o(i._printf_core) for _printf_core
    printf1.o(i.__0vsnprintf$1) refers to printf1.o(i._snputc) for _snputc
    printf1.o(i.__0vsprintf$1) refers to printf1.o(i._printf_core) for _printf_core
    printf1.o(i.__0vsprintf$1) refers to printf1.o(i._sputc) for _sputc
    printf1.o(i._printf_core) refers to uidiv.o(.text) for __aeabi_uidivmod
    printf2.o(i.__0fprintf$2) refers to printf2.o(i._printf_core) for _printf_core
    printf2.o(i.__0fprintf$2) refers to main.o(i.fputc) for fputc
    printf2.o(i.__0printf$2) refers to printf2.o(i._printf_core) for _printf_core
    printf2.o(i.__0printf$2) refers to main.o(i.fputc) for fputc
    printf2.o(i.__0printf$2) refers to stdout.o(.data) for __stdout
    printf2.o(i.__0snprintf$2) refers to printf2.o(i._printf_core) for _printf_core
    printf2.o(i.__0snprintf$2) refers to printf2.o(i._snputc) for _snputc
    printf2.o(i.__0sprintf$2) refers to printf2.o(i._printf_core) for _printf_core
    printf2.o(i.__0sprintf$2) refers to printf2.o(i._sputc) for _sputc
    printf2.o(i.__0vfprintf$2) refers to printf2.o(i._printf_core) for _printf_core
    printf2.o(i.__0vfprintf$2) refers to main.o(i.fputc) for fputc
    printf2.o(i.__0vprintf$2) refers to printf2.o(i._printf_core) for _printf_core
    printf2.o(i.__0vprintf$2) refers to main.o(i.fputc) for fputc
    printf2.o(i.__0vprintf$2) refers to stdout.o(.data) for __stdout
    printf2.o(i.__0vsnprintf$2) refers to printf2.o(i._printf_core) for _printf_core
    printf2.o(i.__0vsnprintf$2) refers to printf2.o(i._snputc) for _snputc
    printf2.o(i.__0vsprintf$2) refers to printf2.o(i._printf_core) for _printf_core
    printf2.o(i.__0vsprintf$2) refers to printf2.o(i._sputc) for _sputc
    printf3.o(i.__0fprintf$3) refers to printf3.o(i._printf_core) for _printf_core
    printf3.o(i.__0fprintf$3) refers to main.o(i.fputc) for fputc
    printf3.o(i.__0printf$3) refers to printf3.o(i._printf_core) for _printf_core
    printf3.o(i.__0printf$3) refers to main.o(i.fputc) for fputc
    printf3.o(i.__0printf$3) refers to stdout.o(.data) for __stdout
    printf3.o(i.__0snprintf$3) refers to printf3.o(i._printf_core) for _printf_core
    printf3.o(i.__0snprintf$3) refers to printf3.o(i._snputc) for _snputc
    printf3.o(i.__0sprintf$3) refers to printf3.o(i._printf_core) for _printf_core
    printf3.o(i.__0sprintf$3) refers to printf3.o(i._sputc) for _sputc
    printf3.o(i.__0vfprintf$3) refers to printf3.o(i._printf_core) for _printf_core
    printf3.o(i.__0vfprintf$3) refers to main.o(i.fputc) for fputc
    printf3.o(i.__0vprintf$3) refers to printf3.o(i._printf_core) for _printf_core
    printf3.o(i.__0vprintf$3) refers to main.o(i.fputc) for fputc
    printf3.o(i.__0vprintf$3) refers to stdout.o(.data) for __stdout
    printf3.o(i.__0vsnprintf$3) refers to printf3.o(i._printf_core) for _printf_core
    printf3.o(i.__0vsnprintf$3) refers to printf3.o(i._snputc) for _snputc
    printf3.o(i.__0vsprintf$3) refers to printf3.o(i._printf_core) for _printf_core
    printf3.o(i.__0vsprintf$3) refers to printf3.o(i._sputc) for _sputc
    printf3.o(i._printf_core) refers to uidiv.o(.text) for __aeabi_uidivmod
    printf4.o(i.__0fprintf$4) refers to printf4.o(i._printf_core) for _printf_core
    printf4.o(i.__0fprintf$4) refers to main.o(i.fputc) for fputc
    printf4.o(i.__0printf$4) refers to printf4.o(i._printf_core) for _printf_core
    printf4.o(i.__0printf$4) refers to main.o(i.fputc) for fputc
    printf4.o(i.__0printf$4) refers to stdout.o(.data) for __stdout
    printf4.o(i.__0snprintf$4) refers to printf4.o(i._printf_core) for _printf_core
    printf4.o(i.__0snprintf$4) refers to printf4.o(i._snputc) for _snputc
    printf4.o(i.__0sprintf$4) refers to printf4.o(i._printf_core) for _printf_core
    printf4.o(i.__0sprintf$4) refers to printf4.o(i._sputc) for _sputc
    printf4.o(i.__0vfprintf$4) refers to printf4.o(i._printf_core) for _printf_core
    printf4.o(i.__0vfprintf$4) refers to main.o(i.fputc) for fputc
    printf4.o(i.__0vprintf$4) refers to printf4.o(i._printf_core) for _printf_core
    printf4.o(i.__0vprintf$4) refers to main.o(i.fputc) for fputc
    printf4.o(i.__0vprintf$4) refers to stdout.o(.data) for __stdout
    printf4.o(i.__0vsnprintf$4) refers to printf4.o(i._printf_core) for _printf_core
    printf4.o(i.__0vsnprintf$4) refers to printf4.o(i._snputc) for _snputc
    printf4.o(i.__0vsprintf$4) refers to printf4.o(i._printf_core) for _printf_core
    printf4.o(i.__0vsprintf$4) refers to printf4.o(i._sputc) for _sputc
    printf4.o(i._printf_core) refers to uldiv.o(.text) for __aeabi_uldivmod
    printf5.o(i.__0fprintf$5) refers to printf5.o(i._printf_core) for _printf_core
    printf5.o(i.__0fprintf$5) refers to main.o(i.fputc) for fputc
    printf5.o(i.__0printf$5) refers to printf5.o(i._printf_core) for _printf_core
    printf5.o(i.__0printf$5) refers to main.o(i.fputc) for fputc
    printf5.o(i.__0printf$5) refers to stdout.o(.data) for __stdout
    printf5.o(i.__0snprintf$5) refers to printf5.o(i._printf_core) for _printf_core
    printf5.o(i.__0snprintf$5) refers to printf5.o(i._snputc) for _snputc
    printf5.o(i.__0sprintf$5) refers to printf5.o(i._printf_core) for _printf_core
    printf5.o(i.__0sprintf$5) refers to printf5.o(i._sputc) for _sputc
    printf5.o(i.__0vfprintf$5) refers to printf5.o(i._printf_core) for _printf_core
    printf5.o(i.__0vfprintf$5) refers to main.o(i.fputc) for fputc
    printf5.o(i.__0vprintf$5) refers to printf5.o(i._printf_core) for _printf_core
    printf5.o(i.__0vprintf$5) refers to main.o(i.fputc) for fputc
    printf5.o(i.__0vprintf$5) refers to stdout.o(.data) for __stdout
    printf5.o(i.__0vsnprintf$5) refers to printf5.o(i._printf_core) for _printf_core
    printf5.o(i.__0vsnprintf$5) refers to printf5.o(i._snputc) for _snputc
    printf5.o(i.__0vsprintf$5) refers to printf5.o(i._printf_core) for _printf_core
    printf5.o(i.__0vsprintf$5) refers to printf5.o(i._sputc) for _sputc
    printf5.o(i._printf_core) refers to uldiv.o(.text) for __aeabi_uldivmod
    printf6.o(i.__0fprintf$6) refers to printf6.o(i._printf_core) for _printf_core
    printf6.o(i.__0fprintf$6) refers to main.o(i.fputc) for fputc
    printf6.o(i.__0printf$6) refers to printf6.o(i._printf_core) for _printf_core
    printf6.o(i.__0printf$6) refers to main.o(i.fputc) for fputc
    printf6.o(i.__0printf$6) refers to stdout.o(.data) for __stdout
    printf6.o(i.__0snprintf$6) refers to printf6.o(i._printf_core) for _printf_core
    printf6.o(i.__0snprintf$6) refers to printf6.o(i._snputc) for _snputc
    printf6.o(i.__0sprintf$6) refers to printf6.o(i._printf_core) for _printf_core
    printf6.o(i.__0sprintf$6) refers to printf6.o(i._sputc) for _sputc
    printf6.o(i.__0vfprintf$6) refers to printf6.o(i._printf_core) for _printf_core
    printf6.o(i.__0vfprintf$6) refers to main.o(i.fputc) for fputc
    printf6.o(i.__0vprintf$6) refers to printf6.o(i._printf_core) for _printf_core
    printf6.o(i.__0vprintf$6) refers to main.o(i.fputc) for fputc
    printf6.o(i.__0vprintf$6) refers to stdout.o(.data) for __stdout
    printf6.o(i.__0vsnprintf$6) refers to printf6.o(i._printf_core) for _printf_core
    printf6.o(i.__0vsnprintf$6) refers to printf6.o(i._snputc) for _snputc
    printf6.o(i.__0vsprintf$6) refers to printf6.o(i._printf_core) for _printf_core
    printf6.o(i.__0vsprintf$6) refers to printf6.o(i._sputc) for _sputc
    printf6.o(i._printf_core) refers to printf6.o(i._printf_pre_padding) for _printf_pre_padding
    printf6.o(i._printf_core) refers to printf6.o(i._printf_post_padding) for _printf_post_padding
    printf6.o(i._printf_core) refers to uidiv.o(.text) for __aeabi_uidivmod
    printf7.o(i.__0fprintf$7) refers to printf7.o(i._printf_core) for _printf_core
    printf7.o(i.__0fprintf$7) refers to main.o(i.fputc) for fputc
    printf7.o(i.__0printf$7) refers to printf7.o(i._printf_core) for _printf_core
    printf7.o(i.__0printf$7) refers to main.o(i.fputc) for fputc
    printf7.o(i.__0printf$7) refers to stdout.o(.data) for __stdout
    printf7.o(i.__0snprintf$7) refers to printf7.o(i._printf_core) for _printf_core
    printf7.o(i.__0snprintf$7) refers to printf7.o(i._snputc) for _snputc
    printf7.o(i.__0sprintf$7) refers to printf7.o(i._printf_core) for _printf_core
    printf7.o(i.__0sprintf$7) refers to printf7.o(i._sputc) for _sputc
    printf7.o(i.__0vfprintf$7) refers to printf7.o(i._printf_core) for _printf_core
    printf7.o(i.__0vfprintf$7) refers to main.o(i.fputc) for fputc
    printf7.o(i.__0vprintf$7) refers to printf7.o(i._printf_core) for _printf_core
    printf7.o(i.__0vprintf$7) refers to main.o(i.fputc) for fputc
    printf7.o(i.__0vprintf$7) refers to stdout.o(.data) for __stdout
    printf7.o(i.__0vsnprintf$7) refers to printf7.o(i._printf_core) for _printf_core
    printf7.o(i.__0vsnprintf$7) refers to printf7.o(i._snputc) for _snputc
    printf7.o(i.__0vsprintf$7) refers to printf7.o(i._printf_core) for _printf_core
    printf7.o(i.__0vsprintf$7) refers to printf7.o(i._sputc) for _sputc
    printf7.o(i._printf_core) refers to printf7.o(i._printf_pre_padding) for _printf_pre_padding
    printf7.o(i._printf_core) refers to printf7.o(i._printf_post_padding) for _printf_post_padding
    printf7.o(i._printf_core) refers to uldiv.o(.text) for __aeabi_uldivmod
    printf8.o(i.__0fprintf$8) refers to printf8.o(i._printf_core) for _printf_core
    printf8.o(i.__0fprintf$8) refers to main.o(i.fputc) for fputc
    printf8.o(i.__0printf$8) refers to printf8.o(i._printf_core) for _printf_core
    printf8.o(i.__0printf$8) refers to main.o(i.fputc) for fputc
    printf8.o(i.__0printf$8) refers to stdout.o(.data) for __stdout
    printf8.o(i.__0snprintf$8) refers to printf8.o(i._printf_core) for _printf_core
    printf8.o(i.__0snprintf$8) refers to printf8.o(i._snputc) for _snputc
    printf8.o(i.__0sprintf$8) refers to printf8.o(i._printf_core) for _printf_core
    printf8.o(i.__0sprintf$8) refers to printf8.o(i._sputc) for _sputc
    printf8.o(i.__0vfprintf$8) refers to printf8.o(i._printf_core) for _printf_core
    printf8.o(i.__0vfprintf$8) refers to main.o(i.fputc) for fputc
    printf8.o(i.__0vprintf$8) refers to printf8.o(i._printf_core) for _printf_core
    printf8.o(i.__0vprintf$8) refers to main.o(i.fputc) for fputc
    printf8.o(i.__0vprintf$8) refers to stdout.o(.data) for __stdout
    printf8.o(i.__0vsnprintf$8) refers to printf8.o(i._printf_core) for _printf_core
    printf8.o(i.__0vsnprintf$8) refers to printf8.o(i._snputc) for _snputc
    printf8.o(i.__0vsprintf$8) refers to printf8.o(i._printf_core) for _printf_core
    printf8.o(i.__0vsprintf$8) refers to printf8.o(i._sputc) for _sputc
    printf8.o(i._printf_core) refers to printf8.o(i._printf_pre_padding) for _printf_pre_padding
    printf8.o(i._printf_core) refers to printf8.o(i._printf_post_padding) for _printf_post_padding
    printf8.o(i._printf_core) refers to uldiv.o(.text) for __aeabi_uldivmod
    printfa.o(i.__0fprintf) refers (Special) to iusefp.o(.text) for __I$use$fp
    printfa.o(i.__0fprintf) refers to printfa.o(i._printf_core) for _printf_core
    printfa.o(i.__0fprintf) refers to main.o(i.fputc) for fputc
    printfa.o(i.__0printf) refers (Special) to iusefp.o(.text) for __I$use$fp
    printfa.o(i.__0printf) refers to printfa.o(i._printf_core) for _printf_core
    printfa.o(i.__0printf) refers to main.o(i.fputc) for fputc
    printfa.o(i.__0printf) refers to stdout.o(.data) for __stdout
    printfa.o(i.__0snprintf) refers (Special) to iusefp.o(.text) for __I$use$fp
    printfa.o(i.__0snprintf) refers to printfa.o(i._printf_core) for _printf_core
    printfa.o(i.__0snprintf) refers to printfa.o(i._snputc) for _snputc
    printfa.o(i.__0sprintf) refers (Special) to iusefp.o(.text) for __I$use$fp
    printfa.o(i.__0sprintf) refers to printfa.o(i._printf_core) for _printf_core
    printfa.o(i.__0sprintf) refers to printfa.o(i._sputc) for _sputc
    printfa.o(i.__0vfprintf) refers (Special) to iusefp.o(.text) for __I$use$fp
    printfa.o(i.__0vfprintf) refers to printfa.o(i._printf_core) for _printf_core
    printfa.o(i.__0vfprintf) refers to main.o(i.fputc) for fputc
    printfa.o(i.__0vprintf) refers (Special) to iusefp.o(.text) for __I$use$fp
    printfa.o(i.__0vprintf) refers to printfa.o(i._printf_core) for _printf_core
    printfa.o(i.__0vprintf) refers to main.o(i.fputc) for fputc
    printfa.o(i.__0vprintf) refers to stdout.o(.data) for __stdout
    printfa.o(i.__0vsnprintf) refers (Special) to iusefp.o(.text) for __I$use$fp
    printfa.o(i.__0vsnprintf) refers to printfa.o(i._printf_core) for _printf_core
    printfa.o(i.__0vsnprintf) refers to printfa.o(i._snputc) for _snputc
    printfa.o(i.__0vsprintf) refers (Special) to iusefp.o(.text) for __I$use$fp
    printfa.o(i.__0vsprintf) refers to printfa.o(i._printf_core) for _printf_core
    printfa.o(i.__0vsprintf) refers to printfa.o(i._sputc) for _sputc
    printfa.o(i._fp_digits) refers (Special) to iusefp.o(.text) for __I$use$fp
    printfa.o(i._fp_digits) refers to dmul.o(.text) for __aeabi_dmul
    printfa.o(i._fp_digits) refers to ddiv.o(.text) for __aeabi_ddiv
    printfa.o(i._fp_digits) refers to cdrcmple.o(.text) for __aeabi_cdrcmple
    printfa.o(i._fp_digits) refers to dadd.o(.text) for __aeabi_dadd
    printfa.o(i._fp_digits) refers to dfixul.o(.text) for __aeabi_d2ulz
    printfa.o(i._fp_digits) refers to uldiv.o(.text) for __aeabi_uldivmod
    printfa.o(i._printf_core) refers (Special) to iusefp.o(.text) for __I$use$fp
    printfa.o(i._printf_core) refers to printfa.o(i._printf_pre_padding) for _printf_pre_padding
    printfa.o(i._printf_core) refers to uldiv.o(.text) for __aeabi_uldivmod
    printfa.o(i._printf_core) refers to printfa.o(i._printf_post_padding) for _printf_post_padding
    printfa.o(i._printf_core) refers to printfa.o(i._fp_digits) for _fp_digits
    printfa.o(i._printf_core) refers to uidiv.o(.text) for __aeabi_uidivmod
    printfa.o(i._printf_post_padding) refers (Special) to iusefp.o(.text) for __I$use$fp
    printfa.o(i._printf_pre_padding) refers (Special) to iusefp.o(.text) for __I$use$fp
    printfa.o(i._snputc) refers (Special) to iusefp.o(.text) for __I$use$fp
    printfa.o(i._sputc) refers (Special) to iusefp.o(.text) for __I$use$fp
    __0sscanf.o(.text) refers to scanf_char.o(.text) for __vfscanf_char
    __0sscanf.o(.text) refers to _sgetc.o(.text) for _sgetc
    ddiv.o(.text) refers (Special) to iusefp.o(.text) for __I$use$fp
    ddiv.o(.text) refers to depilogue.o(.text) for _double_round
    dfltui.o(.text) refers (Special) to iusefp.o(.text) for __I$use$fp
    dfltui.o(.text) refers to depilogue.o(.text) for _double_epilogue
    dfixui.o(.text) refers (Special) to iusefp.o(.text) for __I$use$fp
    dfixui.o(.text) refers to llushr.o(.text) for __aeabi_llsr
    cdcmple.o(.text) refers (Special) to iusefp.o(.text) for __I$use$fp
    entry2.o(.ARM.Collect$$$$00000001) refers to entry2.o(.ARM.Collect$$$$00002712) for __lit__00000000
    entry2.o(.ARM.Collect$$$$00002712) refers to startup_stm32g030xx.o(STACK) for __initial_sp
    entry2.o(__vectab_stack_and_reset_area) refers to startup_stm32g030xx.o(STACK) for __initial_sp
    entry2.o(__vectab_stack_and_reset_area) refers to entry.o(.ARM.Collect$$$$00000000) for __main
    entry5.o(.ARM.Collect$$$$00000004) refers to init.o(.text) for __scatterload
    entry9a.o(.ARM.Collect$$$$0000000B) refers to main.o(i.main) for main
    entry9b.o(.ARM.Collect$$$$0000000C) refers to main.o(i.main) for main
    uldiv.o(.text) refers to llushr.o(.text) for __aeabi_llsr
    uldiv.o(.text) refers to llshl.o(.text) for __aeabi_llsl
    scanf_char.o(.text) refers to _scanf.o(.text) for __vfscanf
    scanf_char.o(.text) refers to isspace_c.o(.text) for isspace
    depilogue.o(.text) refers to depilogue.o(i.__ARM_clz) for __ARM_clz
    depilogue.o(.text) refers to llshl.o(.text) for __aeabi_llsl
    depilogue.o(.text) refers to llushr.o(.text) for __aeabi_llsr
    dadd.o(.text) refers to llshl.o(.text) for __aeabi_llsl
    dadd.o(.text) refers to llsshr.o(.text) for __aeabi_lasr
    dadd.o(.text) refers to depilogue.o(.text) for _double_epilogue
    dmul.o(.text) refers to depilogue.o(.text) for _double_epilogue
    dfixul.o(.text) refers to llushr.o(.text) for __aeabi_llsr
    dfixul.o(.text) refers to llshl.o(.text) for __aeabi_llsl
    init.o(.text) refers to entry5.o(.ARM.Collect$$$$00000004) for __main_after_scatterload
    isspace_c.o(.text) refers to ctype_c.o(.text) for __ctype_lookup
    _scanf.o(.text) refers (Weak) to _scanf_str.o(.text) for _scanf_string
    ctype_c.o(.text) refers to ctype_c.o(.constdata) for .constdata


==============================================================================

Removing Unused input sections from the image.

    Removing startup_stm32g030xx.o(HEAP), (256 bytes).
    Removing main.o(.rev16_text), (4 bytes).
    Removing main.o(.revsh_text), (4 bytes).
    Removing main.o(i.fputc), (24 bytes).
    Removing gpio.o(.rev16_text), (4 bytes).
    Removing gpio.o(.revsh_text), (4 bytes).
    Removing gpio.o(i.D1_IN_GPIO_Init), (36 bytes).
    Removing gpio.o(i.D1_OUT_GPIO_Init), (36 bytes).
    Removing gpio.o(i.D2_IN_GPIO_Init), (36 bytes).
    Removing gpio.o(i.D2_OUT_GPIO_Init), (40 bytes).
    Removing adc.o(.rev16_text), (4 bytes).
    Removing adc.o(.revsh_text), (4 bytes).
    Removing adc.o(i.AdSensor), (36 bytes).
    Removing adc.o(i.AdSensor_ch1), (36 bytes).
    Removing adc.o(i.HAL_ADC_MspDeInit), (52 bytes).
    Removing adc.o(i.HAL_ADC_MspInit), (152 bytes).
    Removing adc.o(i.MX_ADC1_Init), (228 bytes).
    Removing adc.o(.data), (2 bytes).
    Removing dma.o(.rev16_text), (4 bytes).
    Removing dma.o(.revsh_text), (4 bytes).
    Removing tim.o(.rev16_text), (4 bytes).
    Removing tim.o(.revsh_text), (4 bytes).
    Removing tim.o(i.HAL_TIM_Base_MspDeInit), (84 bytes).
    Removing tim.o(i.HAL_TIM_MspPostInit), (76 bytes).
    Removing tim.o(i.MX_TIM17_Init), (168 bytes).
    Removing tim.o(i.MX_TIM3_Init), (112 bytes).
    Removing usart.o(.rev16_text), (4 bytes).
    Removing usart.o(.revsh_text), (4 bytes).
    Removing usart.o(i.HAL_UART_MspDeInit), (96 bytes).
    Removing usart.o(i.MX_USART2_UART_Init), (60 bytes).
    Removing usart.o(.bss), (774 bytes).
    Removing stm32g0xx_it.o(.rev16_text), (4 bytes).
    Removing stm32g0xx_it.o(.revsh_text), (4 bytes).
    Removing stm32g0xx_hal_msp.o(.rev16_text), (4 bytes).
    Removing stm32g0xx_hal_msp.o(.revsh_text), (4 bytes).
    Removing key.o(.rev16_text), (4 bytes).
    Removing key.o(.revsh_text), (4 bytes).
    Removing key.o(i.GetKey), (84 bytes).
    Removing key.o(i.KeyInit), (32 bytes).
    Removing esp8266.o(.rev16_text), (4 bytes).
    Removing esp8266.o(.revsh_text), (4 bytes).
    Removing esp8266.o(i.ESP8266_CWQAP), (44 bytes).
    Removing esp8266.o(i.ESP8266_DHCP_CUR), (52 bytes).
    Removing esp8266.o(i.ESP8266_Enable_MultipleId), (72 bytes).
    Removing esp8266.o(i.ESP8266_JoinAP), (100 bytes).
    Removing esp8266.o(i.ESP8266_Link_Close), (44 bytes).
    Removing esp8266.o(i.ESP8266_Link_Server), (228 bytes).
    Removing esp8266.o(i.ESP8266_Net_Mode_Choose), (120 bytes).
    Removing esp8266.o(i.ESP8266_RESTORE), (44 bytes).
    Removing esp8266.o(i.ESP8266_Read_IP), (188 bytes).
    Removing esp8266.o(i.ESP8266_UnvarnishMode), (56 bytes).
    Removing esp8266.o(i.ESP8266_UnvarnishSend), (72 bytes).
    Removing esp8266.o(i.ESP8266_UnvarnishStop), (80 bytes).
    Removing esp8266.o(i.cmdAT), (308 bytes).
    Removing esp8266.o(i.initEsp8266), (712 bytes).
    Removing esp8266.o(i.reset_rxbuffClear), (52 bytes).
    Removing esp8266.o(i.testAT), (200 bytes).
    Removing esp8266.o(.bss), (14 bytes).
    Removing esp8266.o(.constdata), (120 bytes).
    Removing dht11.o(.rev16_text), (4 bytes).
    Removing dht11.o(.revsh_text), (4 bytes).
    Removing dht11.o(i.DHT11_Check), (124 bytes).
    Removing dht11.o(i.DHT11_Read_Bit), (96 bytes).
    Removing dht11.o(i.DHT11_Read_Byte), (26 bytes).
    Removing dht11.o(i.DHT11_Read_Data), (80 bytes).
    Removing dht11.o(i.DHT11_Rst), (80 bytes).
    Removing dht11.o(i.FS_DHT11_Init), (64 bytes).
    Removing dht11.o(i.delay_init), (12 bytes).
    Removing dht11.o(i.delay_ms), (26 bytes).
    Removing dht11.o(i.delay_us), (52 bytes).
    Removing dht11.o(.data), (8 bytes).
    Removing dht11.o(.data), (1 bytes).
    Removing stm32g0xx_hal_gpio.o(.rev16_text), (4 bytes).
    Removing stm32g0xx_hal_gpio.o(.revsh_text), (4 bytes).
    Removing stm32g0xx_hal_gpio.o(i.HAL_GPIO_DeInit), (212 bytes).
    Removing stm32g0xx_hal_gpio.o(i.HAL_GPIO_EXTI_Falling_Callback), (2 bytes).
    Removing stm32g0xx_hal_gpio.o(i.HAL_GPIO_EXTI_IRQHandler), (40 bytes).
    Removing stm32g0xx_hal_gpio.o(i.HAL_GPIO_EXTI_Rising_Callback), (2 bytes).
    Removing stm32g0xx_hal_gpio.o(i.HAL_GPIO_LockPin), (36 bytes).
    Removing stm32g0xx_hal_gpio.o(i.HAL_GPIO_ReadPin), (10 bytes).
    Removing stm32g0xx_hal_gpio.o(i.HAL_GPIO_TogglePin), (14 bytes).
    Removing stm32g0xx_hal_adc.o(.rev16_text), (4 bytes).
    Removing stm32g0xx_hal_adc.o(.revsh_text), (4 bytes).
    Removing stm32g0xx_hal_adc.o(i.ADC_ConversionStop), (88 bytes).
    Removing stm32g0xx_hal_adc.o(i.ADC_DMAConvCplt), (128 bytes).
    Removing stm32g0xx_hal_adc.o(i.ADC_DMAError), (26 bytes).
    Removing stm32g0xx_hal_adc.o(i.ADC_DMAHalfConvCplt), (10 bytes).
    Removing stm32g0xx_hal_adc.o(i.ADC_Disable), (108 bytes).
    Removing stm32g0xx_hal_adc.o(i.ADC_Enable), (116 bytes).
    Removing stm32g0xx_hal_adc.o(i.HAL_ADC_AnalogWDGConfig), (648 bytes).
    Removing stm32g0xx_hal_adc.o(i.HAL_ADC_ConfigChannel), (540 bytes).
    Removing stm32g0xx_hal_adc.o(i.HAL_ADC_ConvCpltCallback), (2 bytes).
    Removing stm32g0xx_hal_adc.o(i.HAL_ADC_ConvHalfCpltCallback), (2 bytes).
    Removing stm32g0xx_hal_adc.o(i.HAL_ADC_DeInit), (156 bytes).
    Removing stm32g0xx_hal_adc.o(i.HAL_ADC_ErrorCallback), (2 bytes).
    Removing stm32g0xx_hal_adc.o(i.HAL_ADC_GetError), (4 bytes).
    Removing stm32g0xx_hal_adc.o(i.HAL_ADC_GetState), (4 bytes).
    Removing stm32g0xx_hal_adc.o(i.HAL_ADC_GetValue), (6 bytes).
    Removing stm32g0xx_hal_adc.o(i.HAL_ADC_IRQHandler), (336 bytes).
    Removing stm32g0xx_hal_adc.o(i.HAL_ADC_Init), (588 bytes).
    Removing stm32g0xx_hal_adc.o(i.HAL_ADC_LevelOutOfWindowCallback), (2 bytes).
    Removing stm32g0xx_hal_adc.o(i.HAL_ADC_MspDeInit), (2 bytes).
    Removing stm32g0xx_hal_adc.o(i.HAL_ADC_MspInit), (2 bytes).
    Removing stm32g0xx_hal_adc.o(i.HAL_ADC_PollForConversion), (190 bytes).
    Removing stm32g0xx_hal_adc.o(i.HAL_ADC_PollForEvent), (172 bytes).
    Removing stm32g0xx_hal_adc.o(i.HAL_ADC_Start), (104 bytes).
    Removing stm32g0xx_hal_adc.o(i.HAL_ADC_Start_DMA), (180 bytes).
    Removing stm32g0xx_hal_adc.o(i.HAL_ADC_Start_IT), (148 bytes).
    Removing stm32g0xx_hal_adc.o(i.HAL_ADC_Stop), (62 bytes).
    Removing stm32g0xx_hal_adc.o(i.HAL_ADC_Stop_DMA), (120 bytes).
    Removing stm32g0xx_hal_adc.o(i.HAL_ADC_Stop_IT), (72 bytes).
    Removing stm32g0xx_hal_adc.o(i.LL_ADC_IsEnabled), (8 bytes).
    Removing stm32g0xx_hal_adc.o(i.LL_ADC_REG_IsConversionOngoing), (8 bytes).
    Removing stm32g0xx_hal_adc.o(i.LL_ADC_REG_IsTriggerSourceSWStart), (16 bytes).
    Removing stm32g0xx_hal_adc.o(i.LL_ADC_SetAnalogWDMonitChannels), (48 bytes).
    Removing stm32g0xx_hal_adc.o(i.LL_ADC_SetCommonPathInternalCh), (14 bytes).
    Removing stm32g0xx_hal_adc.o(i.LL_ADC_SetSamplingTimeCommonChannels), (22 bytes).
    Removing stm32g0xx_hal_adc_ex.o(.rev16_text), (4 bytes).
    Removing stm32g0xx_hal_adc_ex.o(.revsh_text), (4 bytes).
    Removing stm32g0xx_hal_adc_ex.o(i.HAL_ADCEx_Calibration_GetValue), (12 bytes).
    Removing stm32g0xx_hal_adc_ex.o(i.HAL_ADCEx_Calibration_SetValue), (86 bytes).
    Removing stm32g0xx_hal_adc_ex.o(i.HAL_ADCEx_Calibration_Start), (160 bytes).
    Removing stm32g0xx_hal_adc_ex.o(i.HAL_ADCEx_ChannelConfigReadyCallback), (2 bytes).
    Removing stm32g0xx_hal_adc_ex.o(i.HAL_ADCEx_DisableVoltageRegulator), (32 bytes).
    Removing stm32g0xx_hal_adc_ex.o(i.HAL_ADCEx_EndOfSamplingCallback), (2 bytes).
    Removing stm32g0xx_hal_adc_ex.o(i.HAL_ADCEx_LevelOutOfWindow2Callback), (2 bytes).
    Removing stm32g0xx_hal_adc_ex.o(i.HAL_ADCEx_LevelOutOfWindow3Callback), (2 bytes).
    Removing stm32g0xx_hal_rcc.o(.rev16_text), (4 bytes).
    Removing stm32g0xx_hal_rcc.o(.revsh_text), (4 bytes).
    Removing stm32g0xx_hal_rcc.o(i.HAL_RCC_CSSCallback), (2 bytes).
    Removing stm32g0xx_hal_rcc.o(i.HAL_RCC_DeInit), (164 bytes).
    Removing stm32g0xx_hal_rcc.o(i.HAL_RCC_DisableLSECSS), (16 bytes).
    Removing stm32g0xx_hal_rcc.o(i.HAL_RCC_EnableCSS), (20 bytes).
    Removing stm32g0xx_hal_rcc.o(i.HAL_RCC_EnableLSECSS), (16 bytes).
    Removing stm32g0xx_hal_rcc.o(i.HAL_RCC_GetClockConfig), (56 bytes).
    Removing stm32g0xx_hal_rcc.o(i.HAL_RCC_GetHCLKFreq), (12 bytes).
    Removing stm32g0xx_hal_rcc.o(i.HAL_RCC_GetOscConfig), (176 bytes).
    Removing stm32g0xx_hal_rcc.o(i.HAL_RCC_LSECSSCallback), (2 bytes).
    Removing stm32g0xx_hal_rcc.o(i.HAL_RCC_MCOConfig), (76 bytes).
    Removing stm32g0xx_hal_rcc.o(i.HAL_RCC_NMI_IRQHandler), (36 bytes).
    Removing stm32g0xx_hal_rcc_ex.o(.rev16_text), (4 bytes).
    Removing stm32g0xx_hal_rcc_ex.o(.revsh_text), (4 bytes).
    Removing stm32g0xx_hal_rcc_ex.o(i.HAL_RCCEx_DisableLSCO), (92 bytes).
    Removing stm32g0xx_hal_rcc_ex.o(i.HAL_RCCEx_EnableLSCO), (140 bytes).
    Removing stm32g0xx_hal_rcc_ex.o(i.HAL_RCCEx_GetPeriphCLKConfig), (60 bytes).
    Removing stm32g0xx_hal_rcc_ex.o(i.HAL_RCCEx_GetPeriphCLKFreq), (352 bytes).
    Removing stm32g0xx_hal_flash.o(.rev16_text), (4 bytes).
    Removing stm32g0xx_hal_flash.o(.revsh_text), (4 bytes).
    Removing stm32g0xx_hal_flash.o(i.FLASH_Program_DoubleWord), (28 bytes).
    Removing stm32g0xx_hal_flash.o(i.FLASH_Program_Fast), (52 bytes).
    Removing stm32g0xx_hal_flash.o(i.FLASH_WaitForLastOperation), (116 bytes).
    Removing stm32g0xx_hal_flash.o(i.HAL_FLASH_EndOfOperationCallback), (2 bytes).
    Removing stm32g0xx_hal_flash.o(i.HAL_FLASH_GetError), (12 bytes).
    Removing stm32g0xx_hal_flash.o(i.HAL_FLASH_IRQHandler), (188 bytes).
    Removing stm32g0xx_hal_flash.o(i.HAL_FLASH_Lock), (28 bytes).
    Removing stm32g0xx_hal_flash.o(i.HAL_FLASH_OB_Launch), (20 bytes).
    Removing stm32g0xx_hal_flash.o(i.HAL_FLASH_OB_Lock), (28 bytes).
    Removing stm32g0xx_hal_flash.o(i.HAL_FLASH_OB_Unlock), (40 bytes).
    Removing stm32g0xx_hal_flash.o(i.HAL_FLASH_OperationErrorCallback), (2 bytes).
    Removing stm32g0xx_hal_flash.o(i.HAL_FLASH_Program), (96 bytes).
    Removing stm32g0xx_hal_flash.o(i.HAL_FLASH_Program_IT), (112 bytes).
    Removing stm32g0xx_hal_flash.o(i.HAL_FLASH_Unlock), (40 bytes).
    Removing stm32g0xx_hal_flash.o(.bss), (24 bytes).
    Removing stm32g0xx_hal_flash_ex.o(.rev16_text), (4 bytes).
    Removing stm32g0xx_hal_flash_ex.o(.revsh_text), (4 bytes).
    Removing stm32g0xx_hal_flash_ex.o(i.FLASH_FlushCaches), (44 bytes).
    Removing stm32g0xx_hal_flash_ex.o(i.FLASH_MassErase), (20 bytes).
    Removing stm32g0xx_hal_flash_ex.o(i.FLASH_OB_GetRDP), (24 bytes).
    Removing stm32g0xx_hal_flash_ex.o(i.FLASH_OB_GetUser), (20 bytes).
    Removing stm32g0xx_hal_flash_ex.o(i.FLASH_OB_OptrConfig), (24 bytes).
    Removing stm32g0xx_hal_flash_ex.o(i.FLASH_PageErase), (32 bytes).
    Removing stm32g0xx_hal_flash_ex.o(i.HAL_FLASHEx_Erase), (128 bytes).
    Removing stm32g0xx_hal_flash_ex.o(i.HAL_FLASHEx_Erase_IT), (96 bytes).
    Removing stm32g0xx_hal_flash_ex.o(i.HAL_FLASHEx_FlashEmptyCheck), (16 bytes).
    Removing stm32g0xx_hal_flash_ex.o(i.HAL_FLASHEx_ForceFlashEmpty), (20 bytes).
    Removing stm32g0xx_hal_flash_ex.o(i.HAL_FLASHEx_OBGetConfig), (72 bytes).
    Removing stm32g0xx_hal_flash_ex.o(i.HAL_FLASHEx_OBProgram), (152 bytes).
    Removing stm32g0xx_hal_dma.o(.rev16_text), (4 bytes).
    Removing stm32g0xx_hal_dma.o(.revsh_text), (4 bytes).
    Removing stm32g0xx_hal_dma.o(i.HAL_DMA_DeInit), (132 bytes).
    Removing stm32g0xx_hal_dma.o(i.HAL_DMA_GetState), (6 bytes).
    Removing stm32g0xx_hal_dma.o(i.HAL_DMA_PollForTransfer), (272 bytes).
    Removing stm32g0xx_hal_dma.o(i.HAL_DMA_RegisterCallback), (72 bytes).
    Removing stm32g0xx_hal_dma.o(i.HAL_DMA_Start), (80 bytes).
    Removing stm32g0xx_hal_dma.o(i.HAL_DMA_UnRegisterCallback), (78 bytes).
    Removing stm32g0xx_hal_dma_ex.o(.rev16_text), (4 bytes).
    Removing stm32g0xx_hal_dma_ex.o(.revsh_text), (4 bytes).
    Removing stm32g0xx_hal_dma_ex.o(i.HAL_DMAEx_ConfigMuxRequestGenerator), (60 bytes).
    Removing stm32g0xx_hal_dma_ex.o(i.HAL_DMAEx_ConfigMuxSync), (78 bytes).
    Removing stm32g0xx_hal_dma_ex.o(i.HAL_DMAEx_DisableMuxRequestGenerator), (32 bytes).
    Removing stm32g0xx_hal_dma_ex.o(i.HAL_DMAEx_EnableMuxRequestGenerator), (32 bytes).
    Removing stm32g0xx_hal_dma_ex.o(i.HAL_DMAEx_MUX_IRQHandler), (104 bytes).
    Removing stm32g0xx_hal_pwr.o(.rev16_text), (4 bytes).
    Removing stm32g0xx_hal_pwr.o(.revsh_text), (4 bytes).
    Removing stm32g0xx_hal_pwr.o(i.HAL_PWR_DeInit), (24 bytes).
    Removing stm32g0xx_hal_pwr.o(i.HAL_PWR_DisableBkUpAccess), (16 bytes).
    Removing stm32g0xx_hal_pwr.o(i.HAL_PWR_DisableSEVOnPend), (16 bytes).
    Removing stm32g0xx_hal_pwr.o(i.HAL_PWR_DisableSleepOnExit), (16 bytes).
    Removing stm32g0xx_hal_pwr.o(i.HAL_PWR_DisableWakeUpPin), (20 bytes).
    Removing stm32g0xx_hal_pwr.o(i.HAL_PWR_EnableBkUpAccess), (16 bytes).
    Removing stm32g0xx_hal_pwr.o(i.HAL_PWR_EnableSEVOnPend), (16 bytes).
    Removing stm32g0xx_hal_pwr.o(i.HAL_PWR_EnableSleepOnExit), (16 bytes).
    Removing stm32g0xx_hal_pwr.o(i.HAL_PWR_EnableWakeUpPin), (28 bytes).
    Removing stm32g0xx_hal_pwr.o(i.HAL_PWR_EnterSLEEPMode), (68 bytes).
    Removing stm32g0xx_hal_pwr.o(i.HAL_PWR_EnterSTANDBYMode), (36 bytes).
    Removing stm32g0xx_hal_pwr.o(i.HAL_PWR_EnterSTOPMode), (64 bytes).
    Removing stm32g0xx_hal_pwr_ex.o(.rev16_text), (4 bytes).
    Removing stm32g0xx_hal_pwr_ex.o(.revsh_text), (4 bytes).
    Removing stm32g0xx_hal_pwr_ex.o(i.HAL_PWREx_DisableBatteryCharging), (16 bytes).
    Removing stm32g0xx_hal_pwr_ex.o(i.HAL_PWREx_DisableFlashPowerDown), (16 bytes).
    Removing stm32g0xx_hal_pwr_ex.o(i.HAL_PWREx_DisableGPIOPullDown), (80 bytes).
    Removing stm32g0xx_hal_pwr_ex.o(i.HAL_PWREx_DisableGPIOPullUp), (80 bytes).
    Removing stm32g0xx_hal_pwr_ex.o(i.HAL_PWREx_DisableInternalWakeUpLine), (16 bytes).
    Removing stm32g0xx_hal_pwr_ex.o(i.HAL_PWREx_DisableLowPowerRunMode), (64 bytes).
    Removing stm32g0xx_hal_pwr_ex.o(i.HAL_PWREx_DisablePullUpPullDownConfig), (16 bytes).
    Removing stm32g0xx_hal_pwr_ex.o(i.HAL_PWREx_EnableBatteryCharging), (24 bytes).
    Removing stm32g0xx_hal_pwr_ex.o(i.HAL_PWREx_EnableFlashPowerDown), (16 bytes).
    Removing stm32g0xx_hal_pwr_ex.o(i.HAL_PWREx_EnableGPIOPullDown), (116 bytes).
    Removing stm32g0xx_hal_pwr_ex.o(i.HAL_PWREx_EnableGPIOPullUp), (116 bytes).
    Removing stm32g0xx_hal_pwr_ex.o(i.HAL_PWREx_EnableInternalWakeUpLine), (16 bytes).
    Removing stm32g0xx_hal_pwr_ex.o(i.HAL_PWREx_EnableLowPowerRunMode), (16 bytes).
    Removing stm32g0xx_hal_pwr_ex.o(i.HAL_PWREx_EnablePullUpPullDownConfig), (16 bytes).
    Removing stm32g0xx_hal_pwr_ex.o(i.HAL_PWREx_GetVoltageRange), (16 bytes).
    Removing stm32g0xx_hal_cortex.o(.rev16_text), (4 bytes).
    Removing stm32g0xx_hal_cortex.o(.revsh_text), (4 bytes).
    Removing stm32g0xx_hal_cortex.o(i.HAL_MPU_ConfigRegion), (84 bytes).
    Removing stm32g0xx_hal_cortex.o(i.HAL_MPU_Disable), (16 bytes).
    Removing stm32g0xx_hal_cortex.o(i.HAL_MPU_Enable), (24 bytes).
    Removing stm32g0xx_hal_cortex.o(i.HAL_NVIC_ClearPendingIRQ), (24 bytes).
    Removing stm32g0xx_hal_cortex.o(i.HAL_NVIC_DisableIRQ), (32 bytes).
    Removing stm32g0xx_hal_cortex.o(i.HAL_NVIC_GetPendingIRQ), (32 bytes).
    Removing stm32g0xx_hal_cortex.o(i.HAL_NVIC_GetPriority), (52 bytes).
    Removing stm32g0xx_hal_cortex.o(i.HAL_NVIC_SetPendingIRQ), (24 bytes).
    Removing stm32g0xx_hal_cortex.o(i.HAL_NVIC_SystemReset), (28 bytes).
    Removing stm32g0xx_hal_cortex.o(i.HAL_SYSTICK_CLKSourceConfig), (24 bytes).
    Removing stm32g0xx_hal_cortex.o(i.HAL_SYSTICK_Callback), (2 bytes).
    Removing stm32g0xx_hal_cortex.o(i.HAL_SYSTICK_IRQHandler), (8 bytes).
    Removing stm32g0xx_hal.o(.rev16_text), (4 bytes).
    Removing stm32g0xx_hal.o(.revsh_text), (4 bytes).
    Removing stm32g0xx_hal.o(i.HAL_DBGMCU_DisableDBGStandbyMode), (16 bytes).
    Removing stm32g0xx_hal.o(i.HAL_DBGMCU_DisableDBGStopMode), (16 bytes).
    Removing stm32g0xx_hal.o(i.HAL_DBGMCU_EnableDBGStandbyMode), (16 bytes).
    Removing stm32g0xx_hal.o(i.HAL_DBGMCU_EnableDBGStopMode), (16 bytes).
    Removing stm32g0xx_hal.o(i.HAL_DeInit), (40 bytes).
    Removing stm32g0xx_hal.o(i.HAL_GetDEVID), (16 bytes).
    Removing stm32g0xx_hal.o(i.HAL_GetHalVersion), (8 bytes).
    Removing stm32g0xx_hal.o(i.HAL_GetREVID), (12 bytes).
    Removing stm32g0xx_hal.o(i.HAL_GetTickFreq), (12 bytes).
    Removing stm32g0xx_hal.o(i.HAL_GetTickPrio), (12 bytes).
    Removing stm32g0xx_hal.o(i.HAL_GetUIDw0), (12 bytes).
    Removing stm32g0xx_hal.o(i.HAL_GetUIDw1), (12 bytes).
    Removing stm32g0xx_hal.o(i.HAL_GetUIDw2), (12 bytes).
    Removing stm32g0xx_hal.o(i.HAL_MspDeInit), (2 bytes).
    Removing stm32g0xx_hal.o(i.HAL_MspInit), (2 bytes).
    Removing stm32g0xx_hal.o(i.HAL_ResumeTick), (16 bytes).
    Removing stm32g0xx_hal.o(i.HAL_SYSCFG_DisableClampingDiode), (16 bytes).
    Removing stm32g0xx_hal.o(i.HAL_SYSCFG_DisableIOAnalogSwitchBooster), (16 bytes).
    Removing stm32g0xx_hal.o(i.HAL_SYSCFG_DisableRemap), (16 bytes).
    Removing stm32g0xx_hal.o(i.HAL_SYSCFG_EnableClampingDiode), (16 bytes).
    Removing stm32g0xx_hal.o(i.HAL_SYSCFG_EnableIOAnalogSwitchBooster), (16 bytes).
    Removing stm32g0xx_hal.o(i.HAL_SYSCFG_EnableRemap), (16 bytes).
    Removing stm32g0xx_hal.o(i.HAL_SetTickFreq), (32 bytes).
    Removing stm32g0xx_hal.o(i.HAL_SuspendTick), (16 bytes).
    Removing stm32g0xx_hal_exti.o(.rev16_text), (4 bytes).
    Removing stm32g0xx_hal_exti.o(.revsh_text), (4 bytes).
    Removing stm32g0xx_hal_exti.o(i.HAL_EXTI_ClearConfigLine), (120 bytes).
    Removing stm32g0xx_hal_exti.o(i.HAL_EXTI_ClearPending), (40 bytes).
    Removing stm32g0xx_hal_exti.o(i.HAL_EXTI_GenerateSWI), (28 bytes).
    Removing stm32g0xx_hal_exti.o(i.HAL_EXTI_GetConfigLine), (168 bytes).
    Removing stm32g0xx_hal_exti.o(i.HAL_EXTI_GetHandle), (14 bytes).
    Removing stm32g0xx_hal_exti.o(i.HAL_EXTI_GetPending), (44 bytes).
    Removing stm32g0xx_hal_exti.o(i.HAL_EXTI_IRQHandler), (68 bytes).
    Removing stm32g0xx_hal_exti.o(i.HAL_EXTI_RegisterCallback), (30 bytes).
    Removing stm32g0xx_hal_exti.o(i.HAL_EXTI_SetConfigLine), (172 bytes).
    Removing stm32g0xx_hal_tim.o(.rev16_text), (4 bytes).
    Removing stm32g0xx_hal_tim.o(.revsh_text), (4 bytes).
    Removing stm32g0xx_hal_tim.o(i.HAL_TIM_Base_DeInit), (52 bytes).
    Removing stm32g0xx_hal_tim.o(i.HAL_TIM_Base_GetState), (6 bytes).
    Removing stm32g0xx_hal_tim.o(i.HAL_TIM_Base_MspDeInit), (2 bytes).
    Removing stm32g0xx_hal_tim.o(i.HAL_TIM_Base_MspInit), (2 bytes).
    Removing stm32g0xx_hal_tim.o(i.HAL_TIM_Base_Start), (48 bytes).
    Removing stm32g0xx_hal_tim.o(i.HAL_TIM_Base_Start_DMA), (136 bytes).
    Removing stm32g0xx_hal_tim.o(i.HAL_TIM_Base_Start_IT), (44 bytes).
    Removing stm32g0xx_hal_tim.o(i.HAL_TIM_Base_Stop), (48 bytes).
    Removing stm32g0xx_hal_tim.o(i.HAL_TIM_Base_Stop_DMA), (64 bytes).
    Removing stm32g0xx_hal_tim.o(i.HAL_TIM_Base_Stop_IT), (44 bytes).
    Removing stm32g0xx_hal_tim.o(i.HAL_TIM_ConfigOCrefClear), (264 bytes).
    Removing stm32g0xx_hal_tim.o(i.HAL_TIM_ConfigTI1Input), (16 bytes).
    Removing stm32g0xx_hal_tim.o(i.HAL_TIM_DMABurst_ReadStart), (332 bytes).
    Removing stm32g0xx_hal_tim.o(i.HAL_TIM_DMABurst_ReadStop), (104 bytes).
    Removing stm32g0xx_hal_tim.o(i.HAL_TIM_DMABurst_WriteStart), (332 bytes).
    Removing stm32g0xx_hal_tim.o(i.HAL_TIM_DMABurst_WriteStop), (104 bytes).
    Removing stm32g0xx_hal_tim.o(i.HAL_TIM_Encoder_DeInit), (52 bytes).
    Removing stm32g0xx_hal_tim.o(i.HAL_TIM_Encoder_GetState), (6 bytes).
    Removing stm32g0xx_hal_tim.o(i.HAL_TIM_Encoder_Init), (156 bytes).
    Removing stm32g0xx_hal_tim.o(i.HAL_TIM_Encoder_MspDeInit), (2 bytes).
    Removing stm32g0xx_hal_tim.o(i.HAL_TIM_Encoder_MspInit), (2 bytes).
    Removing stm32g0xx_hal_tim.o(i.HAL_TIM_Encoder_Start), (52 bytes).
    Removing stm32g0xx_hal_tim.o(i.HAL_TIM_Encoder_Start_DMA), (324 bytes).
    Removing stm32g0xx_hal_tim.o(i.HAL_TIM_Encoder_Start_IT), (92 bytes).
    Removing stm32g0xx_hal_tim.o(i.HAL_TIM_Encoder_Stop), (72 bytes).
    Removing stm32g0xx_hal_tim.o(i.HAL_TIM_Encoder_Stop_DMA), (144 bytes).
    Removing stm32g0xx_hal_tim.o(i.HAL_TIM_Encoder_Stop_IT), (120 bytes).
    Removing stm32g0xx_hal_tim.o(i.HAL_TIM_ErrorCallback), (2 bytes).
    Removing stm32g0xx_hal_tim.o(i.HAL_TIM_GenerateEvent), (36 bytes).
    Removing stm32g0xx_hal_tim.o(i.HAL_TIM_IC_CaptureHalfCpltCallback), (2 bytes).
    Removing stm32g0xx_hal_tim.o(i.HAL_TIM_IC_ConfigChannel), (288 bytes).
    Removing stm32g0xx_hal_tim.o(i.HAL_TIM_IC_DeInit), (52 bytes).
    Removing stm32g0xx_hal_tim.o(i.HAL_TIM_IC_GetState), (6 bytes).
    Removing stm32g0xx_hal_tim.o(i.HAL_TIM_IC_Init), (52 bytes).
    Removing stm32g0xx_hal_tim.o(i.HAL_TIM_IC_MspDeInit), (2 bytes).
    Removing stm32g0xx_hal_tim.o(i.HAL_TIM_IC_MspInit), (2 bytes).
    Removing stm32g0xx_hal_tim.o(i.HAL_TIM_IC_Start), (48 bytes).
    Removing stm32g0xx_hal_tim.o(i.HAL_TIM_IC_Start_DMA), (268 bytes).
    Removing stm32g0xx_hal_tim.o(i.HAL_TIM_IC_Start_IT), (92 bytes).
    Removing stm32g0xx_hal_tim.o(i.HAL_TIM_IC_Stop), (48 bytes).
    Removing stm32g0xx_hal_tim.o(i.HAL_TIM_IC_Stop_DMA), (132 bytes).
    Removing stm32g0xx_hal_tim.o(i.HAL_TIM_IC_Stop_IT), (92 bytes).
    Removing stm32g0xx_hal_tim.o(i.HAL_TIM_OC_ConfigChannel), (108 bytes).
    Removing stm32g0xx_hal_tim.o(i.HAL_TIM_OC_DeInit), (52 bytes).
    Removing stm32g0xx_hal_tim.o(i.HAL_TIM_OC_GetState), (6 bytes).
    Removing stm32g0xx_hal_tim.o(i.HAL_TIM_OC_Init), (52 bytes).
    Removing stm32g0xx_hal_tim.o(i.HAL_TIM_OC_MspDeInit), (2 bytes).
    Removing stm32g0xx_hal_tim.o(i.HAL_TIM_OC_MspInit), (2 bytes).
    Removing stm32g0xx_hal_tim.o(i.HAL_TIM_OC_Start), (88 bytes).
    Removing stm32g0xx_hal_tim.o(i.HAL_TIM_OC_Start_DMA), (320 bytes).
    Removing stm32g0xx_hal_tim.o(i.HAL_TIM_OC_Start_IT), (136 bytes).
    Removing stm32g0xx_hal_tim.o(i.HAL_TIM_OC_Stop), (100 bytes).
    Removing stm32g0xx_hal_tim.o(i.HAL_TIM_OC_Stop_DMA), (188 bytes).
    Removing stm32g0xx_hal_tim.o(i.HAL_TIM_OC_Stop_IT), (148 bytes).
    Removing stm32g0xx_hal_tim.o(i.HAL_TIM_OnePulse_ConfigChannel), (220 bytes).
    Removing stm32g0xx_hal_tim.o(i.HAL_TIM_OnePulse_DeInit), (52 bytes).
    Removing stm32g0xx_hal_tim.o(i.HAL_TIM_OnePulse_GetState), (6 bytes).
    Removing stm32g0xx_hal_tim.o(i.HAL_TIM_OnePulse_Init), (72 bytes).
    Removing stm32g0xx_hal_tim.o(i.HAL_TIM_OnePulse_MspDeInit), (2 bytes).
    Removing stm32g0xx_hal_tim.o(i.HAL_TIM_OnePulse_MspInit), (2 bytes).
    Removing stm32g0xx_hal_tim.o(i.HAL_TIM_OnePulse_Start), (72 bytes).
    Removing stm32g0xx_hal_tim.o(i.HAL_TIM_OnePulse_Start_IT), (92 bytes).
    Removing stm32g0xx_hal_tim.o(i.HAL_TIM_OnePulse_Stop), (112 bytes).
    Removing stm32g0xx_hal_tim.o(i.HAL_TIM_OnePulse_Stop_IT), (132 bytes).
    Removing stm32g0xx_hal_tim.o(i.HAL_TIM_PWM_ConfigChannel), (294 bytes).
    Removing stm32g0xx_hal_tim.o(i.HAL_TIM_PWM_DeInit), (52 bytes).
    Removing stm32g0xx_hal_tim.o(i.HAL_TIM_PWM_GetState), (6 bytes).
    Removing stm32g0xx_hal_tim.o(i.HAL_TIM_PWM_Init), (52 bytes).
    Removing stm32g0xx_hal_tim.o(i.HAL_TIM_PWM_MspDeInit), (2 bytes).
    Removing stm32g0xx_hal_tim.o(i.HAL_TIM_PWM_MspInit), (2 bytes).
    Removing stm32g0xx_hal_tim.o(i.HAL_TIM_PWM_PulseFinishedHalfCpltCallback), (2 bytes).
    Removing stm32g0xx_hal_tim.o(i.HAL_TIM_PWM_Start), (88 bytes).
    Removing stm32g0xx_hal_tim.o(i.HAL_TIM_PWM_Start_DMA), (320 bytes).
    Removing stm32g0xx_hal_tim.o(i.HAL_TIM_PWM_Start_IT), (136 bytes).
    Removing stm32g0xx_hal_tim.o(i.HAL_TIM_PWM_Stop), (108 bytes).
    Removing stm32g0xx_hal_tim.o(i.HAL_TIM_PWM_Stop_DMA), (188 bytes).
    Removing stm32g0xx_hal_tim.o(i.HAL_TIM_PWM_Stop_IT), (148 bytes).
    Removing stm32g0xx_hal_tim.o(i.HAL_TIM_PeriodElapsedCallback), (2 bytes).
    Removing stm32g0xx_hal_tim.o(i.HAL_TIM_PeriodElapsedHalfCpltCallback), (2 bytes).
    Removing stm32g0xx_hal_tim.o(i.HAL_TIM_ReadCapturedValue), (44 bytes).
    Removing stm32g0xx_hal_tim.o(i.HAL_TIM_SlaveConfigSynchro), (76 bytes).
    Removing stm32g0xx_hal_tim.o(i.HAL_TIM_SlaveConfigSynchro_IT), (76 bytes).
    Removing stm32g0xx_hal_tim.o(i.HAL_TIM_TriggerHalfCpltCallback), (2 bytes).
    Removing stm32g0xx_hal_tim.o(i.TIM_CCxChannelCmd), (26 bytes).
    Removing stm32g0xx_hal_tim.o(i.TIM_DMACaptureCplt), (62 bytes).
    Removing stm32g0xx_hal_tim.o(i.TIM_DMACaptureHalfCplt), (62 bytes).
    Removing stm32g0xx_hal_tim.o(i.TIM_DMADelayPulseCplt), (62 bytes).
    Removing stm32g0xx_hal_tim.o(i.TIM_DMADelayPulseHalfCplt), (62 bytes).
    Removing stm32g0xx_hal_tim.o(i.TIM_DMAError), (16 bytes).
    Removing stm32g0xx_hal_tim.o(i.TIM_DMAPeriodElapsedCplt), (16 bytes).
    Removing stm32g0xx_hal_tim.o(i.TIM_DMAPeriodElapsedHalfCplt), (16 bytes).
    Removing stm32g0xx_hal_tim.o(i.TIM_DMATriggerCplt), (16 bytes).
    Removing stm32g0xx_hal_tim.o(i.TIM_DMATriggerHalfCplt), (16 bytes).
    Removing stm32g0xx_hal_tim.o(i.TIM_OC1_SetConfig), (124 bytes).
    Removing stm32g0xx_hal_tim.o(i.TIM_OC2_SetConfig), (124 bytes).
    Removing stm32g0xx_hal_tim.o(i.TIM_OC3_SetConfig), (124 bytes).
    Removing stm32g0xx_hal_tim.o(i.TIM_OC4_SetConfig), (108 bytes).
    Removing stm32g0xx_hal_tim.o(i.TIM_OC5_SetConfig), (92 bytes).
    Removing stm32g0xx_hal_tim.o(i.TIM_OC6_SetConfig), (100 bytes).
    Removing stm32g0xx_hal_tim.o(i.TIM_SlaveTimer_SetConfig), (144 bytes).
    Removing stm32g0xx_hal_tim.o(i.TIM_TI1_SetConfig), (68 bytes).
    Removing stm32g0xx_hal_tim.o(i.TIM_TI2_SetConfig), (52 bytes).
    Removing stm32g0xx_hal_tim_ex.o(.rev16_text), (4 bytes).
    Removing stm32g0xx_hal_tim_ex.o(.revsh_text), (4 bytes).
    Removing stm32g0xx_hal_tim_ex.o(i.HAL_TIMEx_CommutHalfCpltCallback), (2 bytes).
    Removing stm32g0xx_hal_tim_ex.o(i.HAL_TIMEx_ConfigBreakInput), (106 bytes).
    Removing stm32g0xx_hal_tim_ex.o(i.HAL_TIMEx_ConfigCommutEvent), (112 bytes).
    Removing stm32g0xx_hal_tim_ex.o(i.HAL_TIMEx_ConfigCommutEvent_DMA), (144 bytes).
    Removing stm32g0xx_hal_tim_ex.o(i.HAL_TIMEx_ConfigCommutEvent_IT), (112 bytes).
    Removing stm32g0xx_hal_tim_ex.o(i.HAL_TIMEx_DisarmBreakInput), (64 bytes).
    Removing stm32g0xx_hal_tim_ex.o(i.HAL_TIMEx_GroupChannel5), (50 bytes).
    Removing stm32g0xx_hal_tim_ex.o(i.HAL_TIMEx_HallSensor_DeInit), (52 bytes).
    Removing stm32g0xx_hal_tim_ex.o(i.HAL_TIMEx_HallSensor_GetState), (6 bytes).
    Removing stm32g0xx_hal_tim_ex.o(i.HAL_TIMEx_HallSensor_Init), (196 bytes).
    Removing stm32g0xx_hal_tim_ex.o(i.HAL_TIMEx_HallSensor_MspDeInit), (2 bytes).
    Removing stm32g0xx_hal_tim_ex.o(i.HAL_TIMEx_HallSensor_MspInit), (2 bytes).
    Removing stm32g0xx_hal_tim_ex.o(i.HAL_TIMEx_HallSensor_Start), (48 bytes).
    Removing stm32g0xx_hal_tim_ex.o(i.HAL_TIMEx_HallSensor_Start_DMA), (148 bytes).
    Removing stm32g0xx_hal_tim_ex.o(i.HAL_TIMEx_HallSensor_Start_IT), (60 bytes).
    Removing stm32g0xx_hal_tim_ex.o(i.HAL_TIMEx_HallSensor_Stop), (48 bytes).
    Removing stm32g0xx_hal_tim_ex.o(i.HAL_TIMEx_HallSensor_Stop_DMA), (68 bytes).
    Removing stm32g0xx_hal_tim_ex.o(i.HAL_TIMEx_HallSensor_Stop_IT), (60 bytes).
    Removing stm32g0xx_hal_tim_ex.o(i.HAL_TIMEx_OCN_Start), (60 bytes).
    Removing stm32g0xx_hal_tim_ex.o(i.HAL_TIMEx_OCN_Start_DMA), (248 bytes).
    Removing stm32g0xx_hal_tim_ex.o(i.HAL_TIMEx_OCN_Start_IT), (104 bytes).
    Removing stm32g0xx_hal_tim_ex.o(i.HAL_TIMEx_OCN_Stop), (76 bytes).
    Removing stm32g0xx_hal_tim_ex.o(i.HAL_TIMEx_OCN_Stop_DMA), (144 bytes).
    Removing stm32g0xx_hal_tim_ex.o(i.HAL_TIMEx_OCN_Stop_IT), (128 bytes).
    Removing stm32g0xx_hal_tim_ex.o(i.HAL_TIMEx_OnePulseN_Start), (28 bytes).
    Removing stm32g0xx_hal_tim_ex.o(i.HAL_TIMEx_OnePulseN_Start_IT), (48 bytes).
    Removing stm32g0xx_hal_tim_ex.o(i.HAL_TIMEx_OnePulseN_Stop), (76 bytes).
    Removing stm32g0xx_hal_tim_ex.o(i.HAL_TIMEx_OnePulseN_Stop_IT), (96 bytes).
    Removing stm32g0xx_hal_tim_ex.o(i.HAL_TIMEx_PWMN_Start), (60 bytes).
    Removing stm32g0xx_hal_tim_ex.o(i.HAL_TIMEx_PWMN_Start_DMA), (248 bytes).
    Removing stm32g0xx_hal_tim_ex.o(i.HAL_TIMEx_PWMN_Start_IT), (104 bytes).
    Removing stm32g0xx_hal_tim_ex.o(i.HAL_TIMEx_PWMN_Stop), (76 bytes).
    Removing stm32g0xx_hal_tim_ex.o(i.HAL_TIMEx_PWMN_Stop_DMA), (144 bytes).
    Removing stm32g0xx_hal_tim_ex.o(i.HAL_TIMEx_PWMN_Stop_IT), (128 bytes).
    Removing stm32g0xx_hal_tim_ex.o(i.HAL_TIMEx_ReArmBreakInput), (88 bytes).
    Removing stm32g0xx_hal_tim_ex.o(i.HAL_TIMEx_RemapConfig), (40 bytes).
    Removing stm32g0xx_hal_tim_ex.o(i.HAL_TIMEx_TISelection), (66 bytes).
    Removing stm32g0xx_hal_tim_ex.o(i.TIMEx_DMACommutationCplt), (16 bytes).
    Removing stm32g0xx_hal_tim_ex.o(i.TIMEx_DMACommutationHalfCplt), (16 bytes).
    Removing stm32g0xx_hal_tim_ex.o(i.TIM_CCxNChannelCmd), (26 bytes).
    Removing stm32g0xx_hal_uart.o(.rev16_text), (4 bytes).
    Removing stm32g0xx_hal_uart.o(.revsh_text), (4 bytes).
    Removing stm32g0xx_hal_uart.o(i.HAL_HalfDuplex_EnableReceiver), (58 bytes).
    Removing stm32g0xx_hal_uart.o(i.HAL_HalfDuplex_EnableTransmitter), (58 bytes).
    Removing stm32g0xx_hal_uart.o(i.HAL_HalfDuplex_Init), (122 bytes).
    Removing stm32g0xx_hal_uart.o(i.HAL_LIN_Init), (152 bytes).
    Removing stm32g0xx_hal_uart.o(i.HAL_LIN_SendBreak), (48 bytes).
    Removing stm32g0xx_hal_uart.o(i.HAL_MultiProcessor_DisableMuteMode), (50 bytes).
    Removing stm32g0xx_hal_uart.o(i.HAL_MultiProcessor_EnableMuteMode), (50 bytes).
    Removing stm32g0xx_hal_uart.o(i.HAL_MultiProcessor_EnterMuteMode), (12 bytes).
    Removing stm32g0xx_hal_uart.o(i.HAL_MultiProcessor_Init), (148 bytes).
    Removing stm32g0xx_hal_uart.o(i.HAL_UART_Abort), (188 bytes).
    Removing stm32g0xx_hal_uart.o(i.HAL_UART_AbortCpltCallback), (2 bytes).
    Removing stm32g0xx_hal_uart.o(i.HAL_UART_AbortReceive), (120 bytes).
    Removing stm32g0xx_hal_uart.o(i.HAL_UART_AbortReceiveCpltCallback), (2 bytes).
    Removing stm32g0xx_hal_uart.o(i.HAL_UART_AbortReceive_IT), (132 bytes).
    Removing stm32g0xx_hal_uart.o(i.HAL_UART_AbortTransmit), (116 bytes).
    Removing stm32g0xx_hal_uart.o(i.HAL_UART_AbortTransmitCpltCallback), (2 bytes).
    Removing stm32g0xx_hal_uart.o(i.HAL_UART_AbortTransmit_IT), (128 bytes).
    Removing stm32g0xx_hal_uart.o(i.HAL_UART_Abort_IT), (232 bytes).
    Removing stm32g0xx_hal_uart.o(i.HAL_UART_DMAPause), (96 bytes).
    Removing stm32g0xx_hal_uart.o(i.HAL_UART_DMAResume), (90 bytes).
    Removing stm32g0xx_hal_uart.o(i.HAL_UART_DeInit), (64 bytes).
    Removing stm32g0xx_hal_uart.o(i.HAL_UART_GetError), (6 bytes).
    Removing stm32g0xx_hal_uart.o(i.HAL_UART_GetState), (12 bytes).
    Removing stm32g0xx_hal_uart.o(i.HAL_UART_MspDeInit), (2 bytes).
    Removing stm32g0xx_hal_uart.o(i.HAL_UART_MspInit), (2 bytes).
    Removing stm32g0xx_hal_uart.o(i.HAL_UART_Receive), (280 bytes).
    Removing stm32g0xx_hal_uart.o(i.HAL_UART_RxCpltCallback), (2 bytes).
    Removing stm32g0xx_hal_uart.o(i.HAL_UART_Transmit), (224 bytes).
    Removing stm32g0xx_hal_uart.o(i.HAL_UART_Transmit_DMA), (180 bytes).
    Removing stm32g0xx_hal_uart.o(i.HAL_UART_Transmit_IT), (172 bytes).
    Removing stm32g0xx_hal_uart.o(i.HAL_UART_TxHalfCpltCallback), (2 bytes).
    Removing stm32g0xx_hal_uart.o(i.UART_DMARxAbortCallback), (62 bytes).
    Removing stm32g0xx_hal_uart.o(i.UART_DMARxOnlyAbortCallback), (38 bytes).
    Removing stm32g0xx_hal_uart.o(i.UART_DMATransmitCplt), (48 bytes).
    Removing stm32g0xx_hal_uart.o(i.UART_DMATxAbortCallback), (72 bytes).
    Removing stm32g0xx_hal_uart.o(i.UART_DMATxHalfCplt), (10 bytes).
    Removing stm32g0xx_hal_uart.o(i.UART_DMATxOnlyAbortCallback), (42 bytes).
    Removing stm32g0xx_hal_uart.o(i.UART_TxISR_16BIT), (66 bytes).
    Removing stm32g0xx_hal_uart.o(i.UART_TxISR_16BIT_FIFOEN), (88 bytes).
    Removing stm32g0xx_hal_uart.o(i.UART_TxISR_8BIT), (62 bytes).
    Removing stm32g0xx_hal_uart.o(i.UART_TxISR_8BIT_FIFOEN), (84 bytes).
    Removing stm32g0xx_hal_uart_ex.o(.rev16_text), (4 bytes).
    Removing stm32g0xx_hal_uart_ex.o(.revsh_text), (4 bytes).
    Removing stm32g0xx_hal_uart_ex.o(i.HAL_MultiProcessorEx_AddressLength_Set), (54 bytes).
    Removing stm32g0xx_hal_uart_ex.o(i.HAL_RS485Ex_Init), (148 bytes).
    Removing stm32g0xx_hal_uart_ex.o(i.HAL_UARTEx_DisableStopMode), (34 bytes).
    Removing stm32g0xx_hal_uart_ex.o(i.HAL_UARTEx_EnableFifoMode), (66 bytes).
    Removing stm32g0xx_hal_uart_ex.o(i.HAL_UARTEx_EnableStopMode), (34 bytes).
    Removing stm32g0xx_hal_uart_ex.o(i.HAL_UARTEx_StopModeWakeUpSourceConfig), (160 bytes).
    Removing system_stm32g0xx.o(.rev16_text), (4 bytes).
    Removing system_stm32g0xx.o(.revsh_text), (4 bytes).
    Removing system_stm32g0xx.o(i.SystemCoreClockUpdate), (144 bytes).
    Removing fs_crc.o(i.crc8), (52 bytes).
    Removing fs_crc.o(i.usMBCRC16), (40 bytes).
    Removing fs_crc.o(.constdata), (512 bytes).
    Removing fs_protocol.o(.rev16_text), (4 bytes).
    Removing fs_protocol.o(.revsh_text), (4 bytes).
    Removing fs_protocol.o(i.analysis_Packet), (588 bytes).
    Removing fs_protocol.o(i.packet_data), (96 bytes).
    Removing bsp_esp8266.o(.rev16_text), (4 bytes).
    Removing bsp_esp8266.o(.revsh_text), (4 bytes).
    Removing bsp_esp8266.o(i.ATRecv), (288 bytes).
    Removing bsp_esp8266.o(i.ATSend), (220 bytes).
    Removing bsp_esp8266.o(i.ESP8266_Init), (76 bytes).
    Removing bsp_esp8266.o(i.ESP_TASK), (72 bytes).
    Removing bsp_esp8266.o(i.Rec_WaitAT), (532 bytes).
    Removing bsp_esp8266.o(i.SEND_TASK), (312 bytes).
    Removing bsp_esp8266.o(.bss), (50 bytes).
    Removing bsp_esp8266.o(.conststring), (218 bytes).
    Removing bsp_esp8266.o(.data), (296 bytes).
    Removing bsp_lcd.o(.rev16_text), (4 bytes).
    Removing bsp_lcd.o(.revsh_text), (4 bytes).
    Removing bsp_lcd.o(i.Delay_ms), (24 bytes).
    Removing bsp_lcd.o(i.Gui_DrawFont_GBK16), (136 bytes).
    Removing bsp_lcd.o(i.Gui_DrawPoint), (24 bytes).
    Removing bsp_lcd.o(i.LCD_WriteData_16Bit), (40 bytes).
    Removing bsp_lcd.o(i.Lcd_Clear), (46 bytes).
    Removing bsp_lcd.o(i.Lcd_Init), (52 bytes).
    Removing bsp_lcd.o(i.Lcd_SetRegion), (86 bytes).
    Removing bsp_lcd.o(i.Lcd_SetXY), (12 bytes).
    Removing bsp_lcd.o(i.Lcd_WriteData), (32 bytes).
    Removing bsp_lcd.o(i.Lcd_WriteIndex), (32 bytes).
    Removing bsp_lcd.o(i.Lcd_WriteReg), (28 bytes).
    Removing bsp_lcd.o(i.SPI_WriteData), (44 bytes).
    Removing bsp_lcd.o(i.showimage), (46 bytes).
    Removing bsp_lcd.o(i.showimage_farsight), (46 bytes).
    Removing bsp_lcd.o(.constdata), (1521 bytes).
    Removing bsp_lcd.o(.constdata), (4097 bytes).
    Removing bsp_lcd.o(.constdata), (578 bytes).
    Removing bsp_p9813.o(.rev16_text), (4 bytes).
    Removing bsp_p9813.o(.revsh_text), (4 bytes).
    Removing bsp_p9813.o(i.Color_Data), (42 bytes).
    Removing bsp_p9813.o(i.RGB_Send_Data), (76 bytes).
    Removing bsp_p9813.o(i.rgb_Gpio_Init), (76 bytes).
    Removing bsp_p9813.o(i.rgb_setValue), (28 bytes).
    Removing bsp_softwaretimer.o(.rev16_text), (4 bytes).
    Removing bsp_softwaretimer.o(.revsh_text), (4 bytes).
    Removing bsp_softwaretimer.o(i.compareTime), (26 bytes).
    Removing bsp_softwaretimer.o(i.setTime), (14 bytes).
    Removing bsp_ultrasonic.o(.rev16_text), (4 bytes).
    Removing bsp_ultrasonic.o(.revsh_text), (4 bytes).
    Removing bsp_ultrasonic.o(i.get_ultrasonic_val), (140 bytes).
    Removing bsp_ultrasonic.o(i.ultrasonicUsing_Init), (12 bytes).
    Removing app_system.o(.rev16_text), (4 bytes).
    Removing app_system.o(.revsh_text), (4 bytes).
    Removing app_system.o(i.BSP_Init), (336 bytes).
    Removing app_system.o(i.DisplayDeviceData), (352 bytes).
    Removing app_system.o(i.DisplayDeviceLogo), (492 bytes).
    Removing app_system.o(i.get_SensorData), (180 bytes).
    Removing app_system.o(.bss), (16 bytes).
    Removing bsp_beep.o(.rev16_text), (4 bytes).
    Removing bsp_beep.o(.revsh_text), (4 bytes).
    Removing bsp_beep.o(i.set_Beep_Status), (32 bytes).
    Removing ddiv.o(.text), (240 bytes).
    Removing dfltui.o(.text), (28 bytes).
    Removing dfixui.o(.text), (60 bytes).
    Removing cdcmple.o(.text), (40 bytes).
    Removing depilogue.o(.text), (190 bytes).
    Removing dadd.o(.text), (356 bytes).
    Removing dmul.o(.text), (208 bytes).
    Removing dfixul.o(.text), (64 bytes).
    Removing cdrcmple.o(.text), (40 bytes).
    Removing stm32g0xx_hal_dma.o(i.__ARM_common_switch8), (26 bytes).
    Removing depilogue.o(i.__ARM_clz), (46 bytes).

546 unused section(s) (total 45483 bytes) removed from the image.
